Component: ARM Compiler 5.05 update 2 (build 169) Tool: armlink [4d0f33]

==============================================================================

Section Cross References

    startup.o(STACK) refers (Special) to heapauxi.o(.text) for __use_two_region_memory
    startup.o(HEAP) refers (Special) to heapauxi.o(.text) for __use_two_region_memory
    startup.o(RESET) refers (Special) to heapauxi.o(.text) for __use_two_region_memory
    startup.o(RESET) refers to startup.o(STACK) for Stack_Top
    startup.o(RESET) refers to __main.o(!!!main) for __main
    startup.o(.text) refers (Special) to heapauxi.o(.text) for __use_two_region_memory
    startup.o(.text) refers to startup.o(HEAP) for Heap_Mem
    startup.o(.text) refers to startup.o(STACK) for Stack_Mem
    main.o(i.ldra_close) refers to main.o(i.ldra_port_is_configured) for ldra_port_is_configured
    main.o(i.ldra_close) refers to main.o(i.ldra_exit) for ldra_exit
    main.o(i.ldra_delay) refers to main.o(i.ldra_port_is_configured) for ldra_port_is_configured
    main.o(i.ldra_exit) refers to main.o(i.ldra_port_is_configured) for ldra_port_is_configured
    main.o(i.ldra_exit) refers to main.o(.data) for Configured
    main.o(i.ldra_int_to_dec) refers to aeabi_sdiv.o(.text) for __aeabi_idivmod
    main.o(i.ldra_open) refers to main.o(i.ldra_port_is_configured) for ldra_port_is_configured
    main.o(i.ldra_open) refers to main.o(i.ldra_port_init) for ldra_port_init
    main.o(i.ldra_open) refers to main.o(i.ldra_close) for ldra_close
    main.o(i.ldra_open) refers to main.o(.data) for ldra_fileid
    main.o(i.ldra_port_init) refers to main.o(.data) for Configured
    main.o(i.ldra_port_is_configured) refers to main.o(.data) for Configured
    main.o(i.ldra_port_write) refers to main.o(i.ldra_delay) for ldra_delay
    main.o(i.ldra_sprintf) refers to main.o(i.ldra_int_to_dec) for ldra_int_to_dec
    main.o(i.ldra_sprintf1) refers to main.o(i.ldra_sprintf) for ldra_sprintf
    main.o(i.ldra_sprintf2) refers to main.o(i.ldra_sprintf) for ldra_sprintf
    main.o(i.ldra_sprintf3) refers to main.o(i.ldra_sprintf) for ldra_sprintf
    main.o(i.ldra_sprintf4) refers to main.o(i.ldra_sprintf) for ldra_sprintf
    main.o(i.main) refers to main.o(i.zqqzqz1) for zqqzqz1
    main.o(i.main) refers to state_machine.o(i.sm_init) for sm_init
    main.o(i.main) refers to state_machine.o(i.stateMachine) for stateMachine
    main.o(i.main) refers to main.o(i.main_50zqzqzq) for main_50zqzqzq
    main.o(i.main_50zqendz) refers to main.o(i.zqqzqz1) for zqqzqz1
    main.o(i.main_50zqendz) refers to main.o(i.main_50zzzfun) for main_50zzzfun
    main.o(i.main_50zqendz) refers to main.o(i.qqqupload) for qqqupload
    main.o(i.main_50zqendz) refers to main.o(i.ldra_close) for ldra_close
    main.o(i.main_50zqendz) refers to main.o(.data) for zzopen
    main.o(i.main_50zqqzqz) refers to main.o(i.ldra_open) for ldra_open
    main.o(i.main_50zqqzqz) refers to main.o(.data) for zzopen
    main.o(i.main_50zqzqzq) refers to main.o(i.zqqzqz1) for zqqzqz1
    main.o(i.main_50zqzqzq) refers to main.o(i.main_50zqendz) for main_50zqendz
    main.o(i.main_50zqzqzq) refers to main.o(.data) for zzopen
    main.o(i.main_50zzdo17) refers to main.o(i.main_50zzqqzz) for main_50zzqqzz
    main.o(i.main_50zzdo17) refers to main.o(.data) for qqqmcdcnest
    main.o(i.main_50zzdo17) refers to main.o(.bss) for qqqmcdcstack
    main.o(i.main_50zzqqzz) refers to main.o(i.zqqzqz1) for zqqzqz1
    main.o(i.main_50zzqqzz) refers to main.o(i.main_50zzzfun) for main_50zzzfun
    main.o(i.main_50zzqqzz) refers to main.o(.data) for zzopen
    main.o(i.main_50zzzfun) refers to main.o(i.qqqqinitialise) for qqqqinitialise
    main.o(i.main_50zzzfun) refers to main.o(.data) for qqqlast
    main.o(i.main_50zzzfun) refers to main.o(.bss) for aqqqmcdctrace
    main.o(i.main_50zzzqfz) refers to main.o(i.main_50zzqqzz) for main_50zzqqzz
    main.o(i.main_50zzzqtz) refers to main.o(i.main_50zzqqzz) for main_50zzqqzz
    main.o(i.qqoutput) refers to main.o(i.ldra_sprintf2) for ldra_sprintf2
    main.o(i.qqoutput) refers to main.o(i.ldra_port_write) for ldra_port_write
    main.o(i.qqoutput) refers to main.o(.data) for zzfileid
    main.o(i.qqoutput) refers to main.o(.bss) for ldra_buffer
    main.o(i.qqoutput0) refers to main.o(i.ldra_port_write) for ldra_port_write
    main.o(i.qqoutput2) refers to main.o(i.ldra_sprintf2) for ldra_sprintf2
    main.o(i.qqoutput2) refers to main.o(i.ldra_port_write) for ldra_port_write
    main.o(i.qqoutput2) refers to main.o(.bss) for ldra_buffer
    main.o(i.qqoutput3) refers to main.o(i.ldra_sprintf3) for ldra_sprintf3
    main.o(i.qqoutput3) refers to main.o(i.ldra_port_write) for ldra_port_write
    main.o(i.qqoutput3) refers to main.o(.bss) for ldra_buffer
    main.o(i.qqoutput4) refers to main.o(i.ldra_sprintf4) for ldra_sprintf4
    main.o(i.qqoutput4) refers to main.o(i.ldra_port_write) for ldra_port_write
    main.o(i.qqoutput4) refers to main.o(.bss) for ldra_buffer
    main.o(i.qqqqinitialise) refers to main.o(i.qqqupload) for qqqupload
    main.o(i.qqqqinitialise) refers to main.o(i.upload_execution_history) for upload_execution_history
    main.o(i.qqqqinitialise) refers to main.o(.data) for qqqstoreused
    main.o(i.qqqqinitialise) refers to main.o(.bss) for qqzzglobarrp
    main.o(i.qqqupload) refers to main.o(i.qqoutput2) for qqoutput2
    main.o(i.qqqupload) refers to main.o(i.qqqzzuploadmcdc) for qqqzzuploadmcdc
    main.o(i.qqqupload) refers to main.o(.data) for qqqlast
    main.o(i.qqqupload) refers to main.o(.bss) for qqzzglobarrb
    main.o(i.qqqzzuploadmcdc) refers to main.o(i.qqoutput4) for qqoutput4
    main.o(i.qqqzzuploadmcdc) refers to main.o(i.qqoutput0) for qqoutput0
    main.o(i.qqqzzuploadmcdc) refers to main.o(i.qqoutput) for qqoutput
    main.o(i.qqqzzuploadmcdc) refers to main.o(i.qqoutput2) for qqoutput2
    main.o(i.qqqzzuploadmcdc) refers to main.o(.data) for qqqlastmcdc
    main.o(i.swzzqqzz) refers to main.o(i.zqqzqz1) for zqqzqz1
    main.o(i.swzzqqzz) refers to main.o(.data) for qqqzzglobflag
    main.o(i.upload_execution_history) refers to main.o(i.qqqupload) for qqqupload
    main.o(i.upload_execution_history) refers to main.o(i.ldra_close) for ldra_close
    main.o(i.zqqzqz1) refers to main.o(i.ldra_open) for ldra_open
    main.o(i.zqqzqz1) refers to main.o(i.qqqqinitialise) for qqqqinitialise
    main.o(i.zqqzqz1) refers to main.o(.data) for zzopen
    state_machine.o(i.qqoutput) refers to main.o(i.ldra_sprintf2) for ldra_sprintf2
    state_machine.o(i.qqoutput) refers to main.o(i.ldra_port_write) for ldra_port_write
    state_machine.o(i.qqoutput) refers to state_machine.o(.data) for zzfileid
    state_machine.o(i.qqoutput) refers to main.o(.bss) for ldra_buffer
    state_machine.o(i.qqoutput0) refers to main.o(i.ldra_port_write) for ldra_port_write
    state_machine.o(i.qqoutput2) refers to main.o(i.ldra_sprintf2) for ldra_sprintf2
    state_machine.o(i.qqoutput2) refers to main.o(i.ldra_port_write) for ldra_port_write
    state_machine.o(i.qqoutput2) refers to main.o(.bss) for ldra_buffer
    state_machine.o(i.qqoutput3) refers to main.o(i.ldra_sprintf3) for ldra_sprintf3
    state_machine.o(i.qqoutput3) refers to main.o(i.ldra_port_write) for ldra_port_write
    state_machine.o(i.qqoutput3) refers to main.o(.bss) for ldra_buffer
    state_machine.o(i.qqoutput4) refers to main.o(i.ldra_sprintf4) for ldra_sprintf4
    state_machine.o(i.qqoutput4) refers to main.o(i.ldra_port_write) for ldra_port_write
    state_machine.o(i.qqoutput4) refers to main.o(.bss) for ldra_buffer
    state_machine.o(i.qqqqinitialise) refers to main.o(i.qqqupload) for qqqupload
    state_machine.o(i.qqqqinitialise) refers to main.o(i.upload_execution_history) for upload_execution_history
    state_machine.o(i.qqqqinitialise) refers to state_machine.o(.bss) for bitmaparr
    state_machine.o(i.qqqqinitialise) refers to state_machine.o(.data) for qqqlast
    state_machine.o(i.qqqqinitialise) refers to main.o(.bss) for qqzzglobarrb
    state_machine.o(i.sm_init) refers to state_machine.o(i.state_machine_51zzqqzz) for state_machine_51zzqqzz
    state_machine.o(i.sm_init) refers to state_machine.o(i.state_machine_51zqendz) for state_machine_51zqendz
    state_machine.o(i.sm_init) refers to state_machine.o(.data) for b_Fail
    state_machine.o(i.stateMachine) refers to state_machine.o(i.state_machine_51zzqqzz) for state_machine_51zzqqzz
    state_machine.o(i.stateMachine) refers to state_machine.o(i.state_machine_51zqendz) for state_machine_51zqendz
    state_machine.o(i.stateMachine) refers to state_machine.o(.data) for ushort_State
    state_machine.o(i.state_machine_51zqendz) refers to main.o(i.zqqzqz1) for zqqzqz1
    state_machine.o(i.state_machine_51zqendz) refers to main.o(.data) for zzopen
    state_machine.o(i.state_machine_51zqendz) refers to state_machine.o(.bss) for bitmaparr
    state_machine.o(i.state_machine_51zqzqzq) refers to main.o(i.zqqzqz1) for zqqzqz1
    state_machine.o(i.state_machine_51zqzqzq) refers to state_machine.o(i.state_machine_51zqendz) for state_machine_51zqendz
    state_machine.o(i.state_machine_51zqzqzq) refers to main.o(.data) for zzopen
    state_machine.o(i.state_machine_51zzqqzz) refers to main.o(i.zqqzqz1) for zqqzqz1
    state_machine.o(i.state_machine_51zzqqzz) refers to state_machine.o(i.qqqqinitialise) for qqqqinitialise
    state_machine.o(i.state_machine_51zzqqzz) refers to main.o(.data) for zzopen
    state_machine.o(i.state_machine_51zzqqzz) refers to state_machine.o(.data) for qqqlast
    state_machine.o(i.state_machine_51zzqqzz) refers to state_machine.o(.bss) for bitmaparr
    state_machine.o(i.state_machine_51zzzqfz) refers to state_machine.o(i.state_machine_51zzqqzz) for state_machine_51zzqqzz
    state_machine.o(i.state_machine_51zzzqtz) refers to state_machine.o(i.state_machine_51zzqqzz) for state_machine_51zzqqzz
    state_machine.o(i.swzzqqzz) refers to main.o(i.zqqzqz1) for zqqzqz1
    state_machine.o(i.swzzqqzz) refers to state_machine.o(.data) for qqqzzglobflag
    state_machine.o(i.swzzqqzz) refers to main.o(.data) for zzopen
    state_machine.o(i.swzzqqzz) refers to state_machine.o(.bss) for bitmaparr
    led.o(i.LED_52zqendz) refers to main.o(i.zqqzqz1) for zqqzqz1
    led.o(i.LED_52zqendz) refers to main.o(.data) for zzopen
    led.o(i.LED_52zqendz) refers to led.o(.data) for bitmaparr
    led.o(i.LED_52zqzqzq) refers to main.o(i.zqqzqz1) for zqqzqz1
    led.o(i.LED_52zqzqzq) refers to led.o(i.LED_52zqendz) for LED_52zqendz
    led.o(i.LED_52zqzqzq) refers to main.o(.data) for zzopen
    led.o(i.LED_52zzqqzz) refers to main.o(i.zqqzqz1) for zqqzqz1
    led.o(i.LED_52zzqqzz) refers to led.o(i.qqqqinitialise) for qqqqinitialise
    led.o(i.LED_52zzqqzz) refers to main.o(.data) for zzopen
    led.o(i.LED_52zzqqzz) refers to led.o(.data) for qqqlast
    led.o(i.LED_52zzzqfz) refers to led.o(i.LED_52zzqqzz) for LED_52zzqqzz
    led.o(i.LED_52zzzqtz) refers to led.o(i.LED_52zzqqzz) for LED_52zzqqzz
    led.o(i.LED_Initialize) refers to led.o(i.LED_52zzqqzz) for LED_52zzqqzz
    led.o(i.LED_Initialize) refers to led.o(i.LED_52zqendz) for LED_52zqendz
    led.o(i.LED_Off) refers to led.o(i.LED_52zzqqzz) for LED_52zzqqzz
    led.o(i.LED_Off) refers to led.o(i.LED_52zqendz) for LED_52zqendz
    led.o(i.LED_On) refers to led.o(i.LED_52zzqqzz) for LED_52zzqqzz
    led.o(i.LED_On) refers to led.o(i.LED_52zqendz) for LED_52zqendz
    led.o(i.qqoutput) refers to main.o(i.ldra_sprintf2) for ldra_sprintf2
    led.o(i.qqoutput) refers to main.o(i.ldra_port_write) for ldra_port_write
    led.o(i.qqoutput) refers to led.o(.data) for zzfileid
    led.o(i.qqoutput) refers to main.o(.bss) for ldra_buffer
    led.o(i.qqoutput0) refers to main.o(i.ldra_port_write) for ldra_port_write
    led.o(i.qqoutput2) refers to main.o(i.ldra_sprintf2) for ldra_sprintf2
    led.o(i.qqoutput2) refers to main.o(i.ldra_port_write) for ldra_port_write
    led.o(i.qqoutput2) refers to main.o(.bss) for ldra_buffer
    led.o(i.qqoutput3) refers to main.o(i.ldra_sprintf3) for ldra_sprintf3
    led.o(i.qqoutput3) refers to main.o(i.ldra_port_write) for ldra_port_write
    led.o(i.qqoutput3) refers to main.o(.bss) for ldra_buffer
    led.o(i.qqoutput4) refers to main.o(i.ldra_sprintf4) for ldra_sprintf4
    led.o(i.qqoutput4) refers to main.o(i.ldra_port_write) for ldra_port_write
    led.o(i.qqoutput4) refers to main.o(.bss) for ldra_buffer
    led.o(i.qqqqinitialise) refers to main.o(i.qqqupload) for qqqupload
    led.o(i.qqqqinitialise) refers to main.o(i.upload_execution_history) for upload_execution_history
    led.o(i.qqqqinitialise) refers to led.o(.data) for bitmaparr
    led.o(i.qqqqinitialise) refers to main.o(.bss) for qqzzglobarrb
    led.o(i.swzzqqzz) refers to main.o(i.zqqzqz1) for zqqzqz1
    led.o(i.swzzqqzz) refers to led.o(.data) for qqqzzglobflag
    led.o(i.swzzqqzz) refers to main.o(.data) for zzopen
    aeabi_sdiv.o(.text_udiv) refers to aeabi_sdiv.o(.text) for __arm_div2
    aeabi_sdiv_div0.o(.text_udiv) refers to aeabi_sdiv_div0.o(.text) for __arm_div2
    __main.o(!!!main) refers to __rtentry.o(.ARM.Collect$$rtentry$$00000000) for __rt_entry
    __rtentry.o(.ARM.Collect$$rtentry$$00000000) refers (Special) to __rtentry2.o(.ARM.Collect$$rtentry$$0000000A) for __rt_entry_li
    __rtentry.o(.ARM.Collect$$rtentry$$00000000) refers (Special) to __rtentry2.o(.ARM.Collect$$rtentry$$0000000D) for __rt_entry_main
    __rtentry.o(.ARM.Collect$$rtentry$$00000000) refers (Special) to __rtentry2.o(.ARM.Collect$$rtentry$$0000000C) for __rt_entry_postli_1
    __rtentry.o(.ARM.Collect$$rtentry$$00000000) refers (Special) to __rtentry2.o(.ARM.Collect$$rtentry$$00000009) for __rt_entry_postsh_1
    __rtentry.o(.ARM.Collect$$rtentry$$00000000) refers (Special) to __rtentry2.o(.ARM.Collect$$rtentry$$00000002) for __rt_entry_presh_1
    __rtentry.o(.ARM.Collect$$rtentry$$00000000) refers (Special) to __rtentry4.o(.ARM.Collect$$rtentry$$00000004) for __rt_entry_sh
    aeabi_idiv0_sigfpe.o(.text) refers to rt_div0.o(.text) for __rt_div0
    __rtentry2.o(.ARM.Collect$$rtentry$$00000008) refers to boardinit2.o(.text) for _platform_post_stackheap_init
    __rtentry2.o(.ARM.Collect$$rtentry$$0000000A) refers to libinit.o(.ARM.Collect$$libinit$$00000000) for __rt_lib_init
    __rtentry2.o(.ARM.Collect$$rtentry$$0000000B) refers to boardinit3.o(.text) for _platform_post_lib_init
    __rtentry2.o(.ARM.Collect$$rtentry$$0000000D) refers to exit.o(.text) for exit
    __rtentry2.o(.ARM.Collect$$rtentry$$0000000D) refers to main.o(i.main) for main
    __rtentry2.o(.ARM.exidx) refers to __rtentry2.o(.ARM.Collect$$rtentry$$00000001) for .ARM.Collect$$rtentry$$00000001
    __rtentry2.o(.ARM.exidx) refers to __rtentry2.o(.ARM.Collect$$rtentry$$00000008) for .ARM.Collect$$rtentry$$00000008
    __rtentry2.o(.ARM.exidx) refers to __rtentry2.o(.ARM.Collect$$rtentry$$0000000A) for .ARM.Collect$$rtentry$$0000000A
    __rtentry2.o(.ARM.exidx) refers to __rtentry2.o(.ARM.Collect$$rtentry$$0000000B) for .ARM.Collect$$rtentry$$0000000B
    __rtentry2.o(.ARM.exidx) refers to __rtentry2.o(.ARM.Collect$$rtentry$$0000000D) for .ARM.Collect$$rtentry$$0000000D
    __rtentry4.o(.ARM.Collect$$rtentry$$00000004) refers to sys_stackheap_outer.o(.text) for __user_setup_stackheap
    __rtentry4.o(.ARM.exidx) refers to __rtentry4.o(.ARM.Collect$$rtentry$$00000004) for .ARM.Collect$$rtentry$$00000004
    rt_div0.o(.text) refers to defsig_fpe_outer.o(.text) for __rt_SIGFPE
    sys_stackheap_outer.o(.text) refers to libspace.o(.text) for __user_perproc_libspace
    sys_stackheap_outer.o(.text) refers to startup.o(.text) for __user_initial_stackheap
    exit.o(.text) refers to rtexit.o(.ARM.Collect$$rtexit$$00000000) for __rt_exit
    defsig_fpe_outer.o(.text) refers to defsig_fpe_inner.o(.text) for __rt_SIGFPE_inner
    defsig_fpe_outer.o(.text) refers to defsig_exit.o(.text) for __sig_exit
    defsig_fpe_formal.o(.text) refers to rt_raise.o(.text) for __rt_raise
    libinit.o(.ARM.Collect$$libinit$$00000000) refers (Special) to libinit2.o(.ARM.Collect$$libinit$$0000002E) for __rt_lib_init_alloca_1
    libinit.o(.ARM.Collect$$libinit$$00000000) refers (Special) to libinit2.o(.ARM.Collect$$libinit$$0000002C) for __rt_lib_init_argv_1
    libinit.o(.ARM.Collect$$libinit$$00000000) refers (Special) to libinit2.o(.ARM.Collect$$libinit$$0000001B) for __rt_lib_init_atexit_1
    libinit.o(.ARM.Collect$$libinit$$00000000) refers (Special) to libinit2.o(.ARM.Collect$$libinit$$00000021) for __rt_lib_init_clock_1
    libinit.o(.ARM.Collect$$libinit$$00000000) refers (Special) to libinit2.o(.ARM.Collect$$libinit$$00000032) for __rt_lib_init_cpp_1
    libinit.o(.ARM.Collect$$libinit$$00000000) refers (Special) to libinit2.o(.ARM.Collect$$libinit$$00000030) for __rt_lib_init_exceptions_1
    libinit.o(.ARM.Collect$$libinit$$00000000) refers (Special) to libinit2.o(.ARM.Collect$$libinit$$00000002) for __rt_lib_init_fp_1
    libinit.o(.ARM.Collect$$libinit$$00000000) refers (Special) to libinit2.o(.ARM.Collect$$libinit$$0000001F) for __rt_lib_init_fp_trap_1
    libinit.o(.ARM.Collect$$libinit$$00000000) refers (Special) to libinit2.o(.ARM.Collect$$libinit$$00000023) for __rt_lib_init_getenv_1
    libinit.o(.ARM.Collect$$libinit$$00000000) refers (Special) to libinit2.o(.ARM.Collect$$libinit$$0000000A) for __rt_lib_init_heap_1
    libinit.o(.ARM.Collect$$libinit$$00000000) refers (Special) to libinit2.o(.ARM.Collect$$libinit$$00000011) for __rt_lib_init_lc_collate_1
    libinit.o(.ARM.Collect$$libinit$$00000000) refers (Special) to libinit2.o(.ARM.Collect$$libinit$$00000013) for __rt_lib_init_lc_ctype_1
    libinit.o(.ARM.Collect$$libinit$$00000000) refers (Special) to libinit2.o(.ARM.Collect$$libinit$$00000015) for __rt_lib_init_lc_monetary_1
    libinit.o(.ARM.Collect$$libinit$$00000000) refers (Special) to libinit2.o(.ARM.Collect$$libinit$$00000017) for __rt_lib_init_lc_numeric_1
    libinit.o(.ARM.Collect$$libinit$$00000000) refers (Special) to libinit2.o(.ARM.Collect$$libinit$$00000019) for __rt_lib_init_lc_time_1
    libinit.o(.ARM.Collect$$libinit$$00000000) refers (Special) to libinit2.o(.ARM.Collect$$libinit$$00000004) for __rt_lib_init_preinit_1
    libinit.o(.ARM.Collect$$libinit$$00000000) refers (Special) to libinit2.o(.ARM.Collect$$libinit$$0000000E) for __rt_lib_init_rand_1
    libinit.o(.ARM.Collect$$libinit$$00000000) refers (Special) to libinit2.o(.ARM.Collect$$libinit$$00000033) for __rt_lib_init_return
    libinit.o(.ARM.Collect$$libinit$$00000000) refers (Special) to libinit2.o(.ARM.Collect$$libinit$$0000001D) for __rt_lib_init_signal_1
    libinit.o(.ARM.Collect$$libinit$$00000000) refers (Special) to libinit2.o(.ARM.Collect$$libinit$$00000025) for __rt_lib_init_stdio_1
    libinit.o(.ARM.Collect$$libinit$$00000000) refers (Special) to libinit2.o(.ARM.Collect$$libinit$$0000000C) for __rt_lib_init_user_alloc_1
    libspace.o(.text) refers to libspace.o(.bss) for __libspace_start
    rtexit.o(.ARM.Collect$$rtexit$$00000000) refers (Special) to rtexit2.o(.ARM.Collect$$rtexit$$00000004) for __rt_exit_exit
    rtexit.o(.ARM.Collect$$rtexit$$00000000) refers (Special) to rtexit2.o(.ARM.Collect$$rtexit$$00000003) for __rt_exit_ls
    rtexit.o(.ARM.Collect$$rtexit$$00000000) refers (Special) to rtexit2.o(.ARM.Collect$$rtexit$$00000002) for __rt_exit_prels_1
    rtexit.o(.ARM.exidx) refers (Special) to rtexit2.o(.ARM.Collect$$rtexit$$00000004) for __rt_exit_exit
    rtexit.o(.ARM.exidx) refers (Special) to rtexit2.o(.ARM.Collect$$rtexit$$00000003) for __rt_exit_ls
    rtexit.o(.ARM.exidx) refers (Special) to rtexit2.o(.ARM.Collect$$rtexit$$00000002) for __rt_exit_prels_1
    rtexit.o(.ARM.exidx) refers to rtexit.o(.ARM.Collect$$rtexit$$00000000) for .ARM.Collect$$rtexit$$00000000
    rt_raise.o(.text) refers to __raise.o(.text) for __raise
    rt_raise.o(.text) refers to sys_exit.o(.text) for _sys_exit
    defsig_exit.o(.text) refers to sys_exit.o(.text) for _sys_exit
    defsig_fpe_inner.o(.text) refers to defsig_general.o(.text) for __default_signal_display
    libinit2.o(.ARM.Collect$$libinit$$00000001) refers to fpinit.o(x$fpl$fpinit) for _fp_init
    libinit2.o(.ARM.Collect$$libinit$$00000010) refers to libinit2.o(.ARM.Collect$$libinit$$0000000F) for .ARM.Collect$$libinit$$0000000F
    libinit2.o(.ARM.Collect$$libinit$$00000012) refers to libinit2.o(.ARM.Collect$$libinit$$0000000F) for .ARM.Collect$$libinit$$0000000F
    libinit2.o(.ARM.Collect$$libinit$$00000014) refers to libinit2.o(.ARM.Collect$$libinit$$0000000F) for .ARM.Collect$$libinit$$0000000F
    libinit2.o(.ARM.Collect$$libinit$$00000016) refers to libinit2.o(.ARM.Collect$$libinit$$0000000F) for .ARM.Collect$$libinit$$0000000F
    libinit2.o(.ARM.Collect$$libinit$$00000018) refers to libinit2.o(.ARM.Collect$$libinit$$0000000F) for .ARM.Collect$$libinit$$0000000F
    libinit2.o(.ARM.Collect$$libinit$$00000026) refers to argv_veneer.o(.emb_text) for __ARM_argv_veneer
    libinit2.o(.ARM.Collect$$libinit$$00000027) refers to argv_veneer.o(.emb_text) for __ARM_argv_veneer
    sys_exit.o(.text) refers (Special) to use_no_semi.o(.text) for __I$use$semihosting
    sys_exit.o(.text) refers (Special) to indicate_semi.o(.text) for __semihosting_library_function
    rtexit2.o(.ARM.Collect$$rtexit$$00000003) refers to libshutdown.o(.ARM.Collect$$libshutdown$$00000000) for __rt_lib_shutdown
    rtexit2.o(.ARM.Collect$$rtexit$$00000004) refers to sys_exit.o(.text) for _sys_exit
    rtexit2.o(.ARM.exidx) refers to rtexit2.o(.ARM.Collect$$rtexit$$00000001) for .ARM.Collect$$rtexit$$00000001
    rtexit2.o(.ARM.exidx) refers to rtexit2.o(.ARM.Collect$$rtexit$$00000003) for .ARM.Collect$$rtexit$$00000003
    rtexit2.o(.ARM.exidx) refers to rtexit2.o(.ARM.Collect$$rtexit$$00000004) for .ARM.Collect$$rtexit$$00000004
    __raise.o(.text) refers to __raise.o(i.__ARM_common_call_via_r2) for __ARM_common_call_via_r2
    __raise.o(.text) refers to defsig.o(CL$$defsig) for __default_signal_handler
    defsig_general.o(.text) refers to sys_wrch.o(.text) for _ttywrch
    argv_veneer.o(.emb_text) refers to no_argv.o(.text) for __ARM_get_argv
    sys_wrch.o(.text) refers (Special) to use_no_semi.o(.text) for __I$use$semihosting
    sys_wrch.o(.text) refers (Special) to indicate_semi.o(.text) for __semihosting_library_function
    defsig.o(CL$$defsig) refers to defsig_fpe_inner.o(.text) for __rt_SIGFPE_inner
    defsig.o(CL$$defsig) refers to defsig_rtmem_inner.o(.text) for __rt_SIGRTMEM_inner
    _get_argv_nomalloc.o(.text) refers (Special) to hrguard.o(.text) for __heap_region$guard
    _get_argv_nomalloc.o(.text) refers to defsig_rtmem_outer.o(.text) for __rt_SIGRTMEM
    _get_argv_nomalloc.o(.text) refers to sys_command.o(.text) for _sys_command_string
    libshutdown.o(.ARM.Collect$$libshutdown$$00000000) refers (Special) to libshutdown2.o(.ARM.Collect$$libshutdown$$00000006) for __rt_lib_shutdown_fp_trap_1
    libshutdown.o(.ARM.Collect$$libshutdown$$00000000) refers (Special) to libshutdown2.o(.ARM.Collect$$libshutdown$$0000000E) for __rt_lib_shutdown_heap_1
    libshutdown.o(.ARM.Collect$$libshutdown$$00000000) refers (Special) to libshutdown2.o(.ARM.Collect$$libshutdown$$0000000F) for __rt_lib_shutdown_return
    libshutdown.o(.ARM.Collect$$libshutdown$$00000000) refers (Special) to libshutdown2.o(.ARM.Collect$$libshutdown$$00000009) for __rt_lib_shutdown_signal_1
    libshutdown.o(.ARM.Collect$$libshutdown$$00000000) refers (Special) to libshutdown2.o(.ARM.Collect$$libshutdown$$00000003) for __rt_lib_shutdown_stdio_1
    libshutdown.o(.ARM.Collect$$libshutdown$$00000000) refers (Special) to libshutdown2.o(.ARM.Collect$$libshutdown$$0000000B) for __rt_lib_shutdown_user_alloc_1
    sys_command.o(.text) refers (Special) to use_no_semi.o(.text) for __I$use$semihosting
    sys_command.o(.text) refers (Special) to indicate_semi.o(.text) for __semihosting_library_function
    defsig_abrt_inner.o(.text) refers to defsig_general.o(.text) for __default_signal_display
    defsig_rtred_inner.o(.text) refers to defsig_general.o(.text) for __default_signal_display
    defsig_rtmem_inner.o(.text) refers to defsig_general.o(.text) for __default_signal_display
    defsig_rtmem_outer.o(.text) refers to defsig_rtmem_inner.o(.text) for __rt_SIGRTMEM_inner
    defsig_rtmem_outer.o(.text) refers to defsig_exit.o(.text) for __sig_exit
    defsig_rtmem_formal.o(.text) refers to rt_raise.o(.text) for __rt_raise
    defsig_stak_inner.o(.text) refers to defsig_general.o(.text) for __default_signal_display
    defsig_pvfn_inner.o(.text) refers to defsig_general.o(.text) for __default_signal_display
    defsig_cppl_inner.o(.text) refers to defsig_general.o(.text) for __default_signal_display
    defsig_segv_inner.o(.text) refers to defsig_general.o(.text) for __default_signal_display
    defsig_other.o(.text) refers to defsig_general.o(.text) for __default_signal_display


==============================================================================

Removing Unused input sections from the image.

    Removing main.o(i.ldra_sprintf1), (60 bytes).
    Removing main.o(i.ldra_sprintf3), (64 bytes).
    Removing main.o(i.main_50zqqzqz), (52 bytes).
    Removing main.o(i.main_50zscanf), (116 bytes).
    Removing main.o(i.main_50zzdo17), (584 bytes).
    Removing main.o(i.main_50zzqqzz), (152 bytes).
    Removing main.o(i.main_50zzzqfz), (56 bytes).
    Removing main.o(i.main_50zzzqtz), (52 bytes).
    Removing main.o(i.qqoutput3), (64 bytes).
    Removing main.o(i.swzzqqzz), (196 bytes).
    Removing state_machine.o(i.qqoutput), (60 bytes).
    Removing state_machine.o(i.qqoutput0), (24 bytes).
    Removing state_machine.o(i.qqoutput2), (56 bytes).
    Removing state_machine.o(i.qqoutput3), (64 bytes).
    Removing state_machine.o(i.qqoutput4), (68 bytes).
    Removing state_machine.o(i.state_machine_51zqzqzq), (52 bytes).
    Removing state_machine.o(i.state_machine_51zscanf), (116 bytes).
    Removing state_machine.o(i.state_machine_51zzzqfz), (56 bytes).
    Removing state_machine.o(i.state_machine_51zzzqtz), (52 bytes).
    Removing state_machine.o(i.swzzqqzz), (196 bytes).
    Removing led.o(i.LED_52zqendz), (120 bytes).
    Removing led.o(i.LED_52zqzqzq), (52 bytes).
    Removing led.o(i.LED_52zscanf), (116 bytes).
    Removing led.o(i.LED_52zzqqzz), (160 bytes).
    Removing led.o(i.LED_52zzzqfz), (56 bytes).
    Removing led.o(i.LED_52zzzqtz), (52 bytes).
    Removing led.o(i.LED_Initialize), (32 bytes).
    Removing led.o(i.LED_Off), (32 bytes).
    Removing led.o(i.LED_On), (32 bytes).
    Removing led.o(i.qqoutput), (60 bytes).
    Removing led.o(i.qqoutput0), (24 bytes).
    Removing led.o(i.qqoutput2), (56 bytes).
    Removing led.o(i.qqoutput3), (64 bytes).
    Removing led.o(i.qqoutput4), (68 bytes).
    Removing led.o(i.qqqqinitialise), (192 bytes).
    Removing led.o(i.swzzqqzz), (196 bytes).
    Removing led.o(.data), (28 bytes).

37 unused section(s) (total 3480 bytes) removed from the image.

==============================================================================

Adding Veneers to the image

    Adding AT veneer (8 bytes, Inline) for call to '__rt_lib_init' from __rtentry2.o(.ARM.Collect$$rtentry$$0000000A).
    Adding AT veneer (8 bytes, Inline) for call to '__rt_lib_shutdown' from rtexit2.o(.ARM.Collect$$rtexit$$00000003).
    Adding TA veneer (4 bytes, Inline) for call to '__rt_exit' from exit.o(.text).
    Adding AT veneer (8 bytes, Inline) for call to '_sys_exit' from rtexit2.o(.ARM.Collect$$rtexit$$00000004).

4 Veneer(s) (total 28 bytes) added to the image.

==============================================================================

Image Symbol Table

    Local Symbols

    Symbol Name                              Value     Ov Type        Size  Object(Section)

    RESET                                    0x00000000   Section      272  startup.o(RESET)
    ../clib/angel/boardlib.s                 0x00000000   Number         0  boardinit3.o ABSOLUTE
    ../clib/angel/boardlib.s                 0x00000000   Number         0  boardinit2.o ABSOLUTE
    ../clib/angel/boardlib.s                 0x00000000   Number         0  boardinit1.o ABSOLUTE
    ../clib/angel/boardlib.s                 0x00000000   Number         0  boardshut.o ABSOLUTE
    ../clib/angel/handlers.s                 0x00000000   Number         0  __scatter_copy.o ABSOLUTE
    ../clib/angel/handlers.s                 0x00000000   Number         0  __scatter_zi.o ABSOLUTE
    ../clib/angel/kernel.s                   0x00000000   Number         0  rtexit2.o ABSOLUTE
    ../clib/angel/kernel.s                   0x00000000   Number         0  rtexit.o ABSOLUTE
    ../clib/angel/kernel.s                   0x00000000   Number         0  __rtentry.o ABSOLUTE
    ../clib/angel/kernel.s                   0x00000000   Number         0  __rtentry4.o ABSOLUTE
    ../clib/angel/kernel.s                   0x00000000   Number         0  __rtentry2.o ABSOLUTE
    ../clib/angel/rt.s                       0x00000000   Number         0  aeabi_idiv0_sigfpe.o ABSOLUTE
    ../clib/angel/rt.s                       0x00000000   Number         0  rt_raise.o ABSOLUTE
    ../clib/angel/rt.s                       0x00000000   Number         0  rt_div0.o ABSOLUTE
    ../clib/angel/rt.s                       0x00000000   Number         0  aeabi_idiv0.o ABSOLUTE
    ../clib/angel/scatter.s                  0x00000000   Number         0  __scatter.o ABSOLUTE
    ../clib/angel/startup.s                  0x00000000   Number         0  __main.o ABSOLUTE
    ../clib/angel/sys.s                      0x00000000   Number         0  libspace.o ABSOLUTE
    ../clib/angel/sys.s                      0x00000000   Number         0  indicate_semi.o ABSOLUTE
    ../clib/angel/sys.s                      0x00000000   Number         0  use_no_semi.o ABSOLUTE
    ../clib/angel/sys.s                      0x00000000   Number         0  sys_stackheap_outer.o ABSOLUTE
    ../clib/angel/sysapp.c                   0x00000000   Number         0  sys_exit.o ABSOLUTE
    ../clib/angel/sysapp.c                   0x00000000   Number         0  sys_wrch.o ABSOLUTE
    ../clib/angel/sysapp.c                   0x00000000   Number         0  sys_command.o ABSOLUTE
    ../clib/armsys.c                         0x00000000   Number         0  argv_veneer.o ABSOLUTE
    ../clib/armsys.c                         0x00000000   Number         0  argv_veneer.o ABSOLUTE
    ../clib/armsys.c                         0x00000000   Number         0  _get_argv_nomalloc.o ABSOLUTE
    ../clib/armsys.c                         0x00000000   Number         0  no_argv.o ABSOLUTE
    ../clib/division.s                       0x00000000   Number         0  aeabi_sdiv.o ABSOLUTE
    ../clib/division.s                       0x00000000   Number         0  aeabi_sdiv_div0.o ABSOLUTE
    ../clib/divrt.s                          0x00000000   Number         0  divrt_7tdmi.o ABSOLUTE
    ../clib/divrt.s                          0x00000000   Number         0  divrt_7tdmi_div0.o ABSOLUTE
    ../clib/heapalloc.c                      0x00000000   Number         0  hrguard.o ABSOLUTE
    ../clib/heapaux.c                        0x00000000   Number         0  heapauxi.o ABSOLUTE
    ../clib/libinit.s                        0x00000000   Number         0  libinit2.o ABSOLUTE
    ../clib/libinit.s                        0x00000000   Number         0  libshutdown.o ABSOLUTE
    ../clib/libinit.s                        0x00000000   Number         0  libinit.o ABSOLUTE
    ../clib/libinit.s                        0x00000000   Number         0  libshutdown2.o ABSOLUTE
    ../clib/signal.c                         0x00000000   Number         0  defsig_rtred_inner.o ABSOLUTE
    ../clib/signal.c                         0x00000000   Number         0  defsig_fpe_inner.o ABSOLUTE
    ../clib/signal.c                         0x00000000   Number         0  defsig_exit.o ABSOLUTE
    ../clib/signal.c                         0x00000000   Number         0  defsig_abrt_inner.o ABSOLUTE
    ../clib/signal.c                         0x00000000   Number         0  defsig_rtmem_inner.o ABSOLUTE
    ../clib/signal.c                         0x00000000   Number         0  defsig_general.o ABSOLUTE
    ../clib/signal.c                         0x00000000   Number         0  defsig_cppl_inner.o ABSOLUTE
    ../clib/signal.c                         0x00000000   Number         0  defsig_rtmem_outer.o ABSOLUTE
    ../clib/signal.c                         0x00000000   Number         0  defsig_rtmem_formal.o ABSOLUTE
    ../clib/signal.c                         0x00000000   Number         0  defsig_pvfn_inner.o ABSOLUTE
    ../clib/signal.c                         0x00000000   Number         0  defsig_segv_inner.o ABSOLUTE
    ../clib/signal.c                         0x00000000   Number         0  defsig_other.o ABSOLUTE
    ../clib/signal.c                         0x00000000   Number         0  __raise.o ABSOLUTE
    ../clib/signal.c                         0x00000000   Number         0  defsig_fpe_outer.o ABSOLUTE
    ../clib/signal.c                         0x00000000   Number         0  defsig_fpe_formal.o ABSOLUTE
    ../clib/signal.c                         0x00000000   Number         0  defsig_stak_inner.o ABSOLUTE
    ../clib/signal.s                         0x00000000   Number         0  defsig.o ABSOLUTE
    ../clib/stdlib.c                         0x00000000   Number         0  exit.o ABSOLUTE
    ../fplib/fpinit.s                        0x00000000   Number         0  fpinit.o ABSOLUTE
    LED.c                                    0x00000000   Number         0  led.o ABSOLUTE
    Startup.s                                0x00000000   Number         0  startup.o ABSOLUTE
    dc.s                                     0x00000000   Number         0  dc.o ABSOLUTE
    main.c                                   0x00000000   Number         0  main.o ABSOLUTE
    state_machine.c                          0x00000000   Number         0  state_machine.o ABSOLUTE
    Undef_Handler                            0x00000040   ARM Code       4  startup.o(RESET)
    SWI_Handler                              0x00000044   ARM Code       4  startup.o(RESET)
    PAbt_Handler                             0x00000048   ARM Code       4  startup.o(RESET)
    DAbt_Handler                             0x0000004c   ARM Code       4  startup.o(RESET)
    IRQ_Handler                              0x00000050   ARM Code       4  startup.o(RESET)
    FIQ_Handler                              0x00000054   ARM Code       4  startup.o(RESET)
    !!!main                                  0x00000110   Section        8  __main.o(!!!main)
    !!!scatter                               0x00000118   Section       60  __scatter.o(!!!scatter)
    !!handler_copy                           0x00000154   Section       40  __scatter_copy.o(!!handler_copy)
    !!handler_zi                             0x0000017c   Section       44  __scatter_zi.o(!!handler_zi)
    .ARM.Collect$$libinit$$00000000          0x000001b0   Section        2  libinit.o(.ARM.Collect$$libinit$$00000000)
    .ARM.Collect$$libinit$$00000002          0x000001b2   Section        0  libinit2.o(.ARM.Collect$$libinit$$00000002)
    .ARM.Collect$$libinit$$00000004          0x000001b2   Section        0  libinit2.o(.ARM.Collect$$libinit$$00000004)
    .ARM.Collect$$libinit$$0000000A          0x000001b2   Section        0  libinit2.o(.ARM.Collect$$libinit$$0000000A)
    .ARM.Collect$$libinit$$0000000C          0x000001b2   Section        0  libinit2.o(.ARM.Collect$$libinit$$0000000C)
    .ARM.Collect$$libinit$$0000000E          0x000001b2   Section        0  libinit2.o(.ARM.Collect$$libinit$$0000000E)
    .ARM.Collect$$libinit$$00000011          0x000001b2   Section        0  libinit2.o(.ARM.Collect$$libinit$$00000011)
    .ARM.Collect$$libinit$$00000013          0x000001b2   Section        0  libinit2.o(.ARM.Collect$$libinit$$00000013)
    .ARM.Collect$$libinit$$00000015          0x000001b2   Section        0  libinit2.o(.ARM.Collect$$libinit$$00000015)
    .ARM.Collect$$libinit$$00000017          0x000001b2   Section        0  libinit2.o(.ARM.Collect$$libinit$$00000017)
    .ARM.Collect$$libinit$$00000019          0x000001b2   Section        0  libinit2.o(.ARM.Collect$$libinit$$00000019)
    .ARM.Collect$$libinit$$0000001B          0x000001b2   Section        0  libinit2.o(.ARM.Collect$$libinit$$0000001B)
    .ARM.Collect$$libinit$$0000001D          0x000001b2   Section        0  libinit2.o(.ARM.Collect$$libinit$$0000001D)
    .ARM.Collect$$libinit$$0000001F          0x000001b2   Section        0  libinit2.o(.ARM.Collect$$libinit$$0000001F)
    .ARM.Collect$$libinit$$00000021          0x000001b2   Section        0  libinit2.o(.ARM.Collect$$libinit$$00000021)
    .ARM.Collect$$libinit$$00000023          0x000001b2   Section        0  libinit2.o(.ARM.Collect$$libinit$$00000023)
    .ARM.Collect$$libinit$$00000025          0x000001b2   Section        0  libinit2.o(.ARM.Collect$$libinit$$00000025)
    .ARM.Collect$$libinit$$0000002C          0x000001b2   Section        0  libinit2.o(.ARM.Collect$$libinit$$0000002C)
    .ARM.Collect$$libinit$$0000002E          0x000001b2   Section        0  libinit2.o(.ARM.Collect$$libinit$$0000002E)
    .ARM.Collect$$libinit$$00000030          0x000001b2   Section        0  libinit2.o(.ARM.Collect$$libinit$$00000030)
    .ARM.Collect$$libinit$$00000032          0x000001b2   Section        0  libinit2.o(.ARM.Collect$$libinit$$00000032)
    .ARM.Collect$$libinit$$00000033          0x000001b2   Section       12  libinit2.o(.ARM.Collect$$libinit$$00000033)
    .ARM.Collect$$libshutdown$$00000000      0x000001c8   Section        4  libshutdown.o(.ARM.Collect$$libshutdown$$00000000)
    .ARM.Collect$$libshutdown$$00000003      0x000001cc   Section        0  libshutdown2.o(.ARM.Collect$$libshutdown$$00000003)
    .ARM.Collect$$libshutdown$$00000006      0x000001cc   Section        0  libshutdown2.o(.ARM.Collect$$libshutdown$$00000006)
    .ARM.Collect$$libshutdown$$00000009      0x000001cc   Section        0  libshutdown2.o(.ARM.Collect$$libshutdown$$00000009)
    .ARM.Collect$$libshutdown$$0000000B      0x000001cc   Section        0  libshutdown2.o(.ARM.Collect$$libshutdown$$0000000B)
    .ARM.Collect$$libshutdown$$0000000E      0x000001cc   Section        0  libshutdown2.o(.ARM.Collect$$libshutdown$$0000000E)
    .ARM.Collect$$libshutdown$$0000000F      0x000001cc   Section        6  libshutdown2.o(.ARM.Collect$$libshutdown$$0000000F)
    .ARM.Collect$$rtentry$$00000000          0x000001d4   Section        0  __rtentry.o(.ARM.Collect$$rtentry$$00000000)
    .ARM.Collect$$rtentry$$00000002          0x000001d4   Section        0  __rtentry2.o(.ARM.Collect$$rtentry$$00000002)
    .ARM.Collect$$rtentry$$00000004          0x000001d4   Section        8  __rtentry4.o(.ARM.Collect$$rtentry$$00000004)
    .ARM.Collect$$rtentry$$00000009          0x000001dc   Section        0  __rtentry2.o(.ARM.Collect$$rtentry$$00000009)
    .ARM.Collect$$rtentry$$0000000A          0x000001dc   Section        4  __rtentry2.o(.ARM.Collect$$rtentry$$0000000A)
    .ARM.Collect$$rtentry$$0000000C          0x000001e0   Section        0  __rtentry2.o(.ARM.Collect$$rtentry$$0000000C)
    .ARM.Collect$$rtentry$$0000000D          0x000001e0   Section       40  __rtentry2.o(.ARM.Collect$$rtentry$$0000000D)
    .ARM.Collect$$rtexit$$00000000           0x0000020c   Section        4  rtexit.o(.ARM.Collect$$rtexit$$00000000)
    .ARM.Collect$$rtexit$$00000002           0x00000210   Section        0  rtexit2.o(.ARM.Collect$$rtexit$$00000002)
    .ARM.Collect$$rtexit$$00000003           0x00000210   Section        4  rtexit2.o(.ARM.Collect$$rtexit$$00000003)
    .ARM.Collect$$rtexit$$00000004           0x00000214   Section        8  rtexit2.o(.ARM.Collect$$rtexit$$00000004)
    .text                                    0x0000021c   Section       32  startup.o(.text)
    .text                                    0x0000023c   Section      384  aeabi_sdiv.o(.text)
    __arm_div8                               0x00000268   ARM Code       0  aeabi_sdiv.o(.text)
    __arm_div5                               0x0000028c   ARM Code       0  aeabi_sdiv.o(.text)
    __arm_div2                               0x000002b0   ARM Code       0  aeabi_sdiv.o(.text)
    __arm_div_large                          0x000002ec   ARM Code       0  aeabi_sdiv.o(.text)
    .text                                    0x000003bc   Section        0  heapauxi.o(.text)
    .text                                    0x000003c4   Section       96  sys_stackheap_outer.o(.text)
    .text                                    0x00000424   Section        0  exit.o(.text)
    .text                                    0x00000430   Section       12  libspace.o(.text)
    .text                                    0x00000444   Section        0  sys_exit.o(.text)
    .text                                    0x00000450   Section        4  use_no_semi.o(.text)
    .text                                    0x00000454   Section        0  indicate_semi.o(.text)
    i.ldra_close                             0x00000454   Section        0  main.o(i.ldra_close)
    i.ldra_delay                             0x00000470   Section        0  main.o(i.ldra_delay)
    ldra_delay                               0x00000470   ARM Code      56  main.o(i.ldra_delay)
    i.ldra_exit                              0x000004a8   Section        0  main.o(i.ldra_exit)
    i.ldra_int_to_dec                        0x000004d0   Section        0  main.o(i.ldra_int_to_dec)
    ldra_int_to_dec                          0x000004d0   ARM Code     116  main.o(i.ldra_int_to_dec)
    i.ldra_open                              0x00000544   Section        0  main.o(i.ldra_open)
    i.ldra_port_init                         0x00000588   Section        0  main.o(i.ldra_port_init)
    i.ldra_port_is_configured                0x0000059c   Section        0  main.o(i.ldra_port_is_configured)
    i.ldra_port_write                        0x000005ac   Section        0  main.o(i.ldra_port_write)
    i.ldra_sprintf                           0x000005e4   Section        0  main.o(i.ldra_sprintf)
    ldra_sprintf                             0x000005e4   ARM Code     352  main.o(i.ldra_sprintf)
    i.ldra_sprintf2                          0x00000744   Section        0  main.o(i.ldra_sprintf2)
    i.ldra_sprintf4                          0x00000784   Section        0  main.o(i.ldra_sprintf4)
    i.main                                   0x000007c4   Section        0  main.o(i.main)
    i.main_50zqendz                          0x000007ec   Section        0  main.o(i.main_50zqendz)
    main_50zqendz                            0x000007ec   ARM Code     260  main.o(i.main_50zqendz)
    i.main_50zqzqzq                          0x00000904   Section        0  main.o(i.main_50zqzqzq)
    main_50zqzqzq                            0x00000904   ARM Code      48  main.o(i.main_50zqzqzq)
    i.main_50zzzfun                          0x00000938   Section        0  main.o(i.main_50zzzfun)
    i.qqoutput                               0x00000dd4   Section        0  main.o(i.qqoutput)
    qqoutput                                 0x00000dd4   ARM Code      52  main.o(i.qqoutput)
    i.qqoutput0                              0x00000e10   Section        0  main.o(i.qqoutput0)
    qqoutput0                                0x00000e10   ARM Code      24  main.o(i.qqoutput0)
    i.qqoutput2                              0x00000e28   Section        0  main.o(i.qqoutput2)
    qqoutput2                                0x00000e28   ARM Code      52  main.o(i.qqoutput2)
    i.qqoutput4                              0x00000e60   Section        0  main.o(i.qqoutput4)
    qqoutput4                                0x00000e60   ARM Code      64  main.o(i.qqoutput4)
    i.qqqqinitialise                         0x00000ea4   Section        0  main.o(i.qqqqinitialise)
    qqqqinitialise                           0x00000ea4   ARM Code     244  main.o(i.qqqqinitialise)
    i.qqqqinitialise                         0x00000fc8   Section        0  state_machine.o(i.qqqqinitialise)
    qqqqinitialise                           0x00000fc8   ARM Code     168  state_machine.o(i.qqqqinitialise)
    i.qqqupload                              0x00001088   Section        0  main.o(i.qqqupload)
    i.qqqzzuploadmcdc                        0x0000118c   Section        0  main.o(i.qqqzzuploadmcdc)
    i.sm_init                                0x00001410   Section        0  state_machine.o(i.sm_init)
    i.stateMachine                           0x000014b4   Section        0  state_machine.o(i.stateMachine)
    i.state_machine_51zqendz                 0x00001a00   Section        0  state_machine.o(i.state_machine_51zqendz)
    state_machine_51zqendz                   0x00001a00   ARM Code     112  state_machine.o(i.state_machine_51zqendz)
    i.state_machine_51zzqqzz                 0x00001a78   Section        0  state_machine.o(i.state_machine_51zzqqzz)
    state_machine_51zzqqzz                   0x00001a78   ARM Code     148  state_machine.o(i.state_machine_51zzqqzz)
    i.upload_execution_history               0x00001b18   Section        0  main.o(i.upload_execution_history)
    i.zqqzqz1                                0x00001b2c   Section        0  main.o(i.zqqzqz1)
    .data                                    0x40000000   Section       92  main.o(.data)
    zzfileid                                 0x40000000   Data           4  main.o(.data)
    ldra_fileid                              0x40000010   Data           4  main.o(.data)
    Configured                               0x40000014   Data           4  main.o(.data)
    qqqzzglobflag                            0x40000018   Data           1  main.o(.data)
    qqqqone                                  0x40000019   Data           8  main.o(.data)
    qqqmcdcnest                              0x40000024   Data           4  main.o(.data)
    qqqmcdcsuppress                          0x40000028   Data           4  main.o(.data)
    qqqlast                                  0x4000002c   Data           4  main.o(.data)
    qqqlastmcdc                              0x40000030   Data           4  main.o(.data)
    qqqstoreused                             0x40000034   Data           4  main.o(.data)
    aqqqmcdcstore                            0x40000038   Data           8  main.o(.data)
    paqqqmcdctrace                           0x40000040   Data           4  main.o(.data)
    paqqqmcdctrace1                          0x40000044   Data           4  main.o(.data)
    paqqqmcdcstr                             0x40000048   Data           4  main.o(.data)
    aqqqmcdcstr                              0x4000004c   Data           8  main.o(.data)
    bitmaparr                                0x40000054   Data           4  main.o(.data)
    .data                                    0x4000005c   Section       56  state_machine.o(.data)
    zzfileid                                 0x4000005c   Data           4  state_machine.o(.data)
    QQQfirstmcdc                             0x40000060   Data           4  state_machine.o(.data)
    qqqzzglobflag                            0x40000064   Data           1  state_machine.o(.data)
    qqqqone                                  0x40000086   Data           8  state_machine.o(.data)
    qqqlast                                  0x40000090   Data           4  state_machine.o(.data)
    .bss                                     0x40000094   Section     3308  main.o(.bss)
    qqqmcdcstack                             0x400000d4   Data        2400  main.o(.bss)
    aqqqmcdctrace                            0x40000a34   Data         124  main.o(.bss)
    .bss                                     0x40000d80   Section       36  state_machine.o(.bss)
    bitmaparr                                0x40000d80   Data          36  state_machine.o(.bss)
    .bss                                     0x40000da4   Section       96  libspace.o(.bss)
    HEAP                                     0x40000e08   Section        0  startup.o(HEAP)
    STACK                                    0x40000e08   Section     1160  startup.o(STACK)
    Heap_Mem                                 0x40000e08   Data           0  startup.o(HEAP)
    Stack_Mem                                0x40000e08   Data        1024  startup.o(STACK)
    Stack_Top                                0x40001290   Data           0  startup.o(STACK)

    Global Symbols

    Symbol Name                              Value     Ov Type        Size  Object(Section)

    BuildAttributes$$THM_ISAv1$ARM_ISAv4$S$PE$A:L22$X:L11$S22$IEEE1$IW$USESV6$~STKCKD$USESV7$~SHL$OSPACE$ROPI$EBA8$UX$STANDARDLIB$REQ8$PRES8$EABIv2 0x00000000   Number         0  anon$$obj.o ABSOLUTE
    __ARM_use_no_argv                        0x00000000   Number         0  main.o ABSOLUTE
    __ARM_exceptions_init                     - Undefined Weak Reference
    __alloca_initialize                       - Undefined Weak Reference
    __arm_preinit_                            - Undefined Weak Reference
    __cpp_initialize__aeabi_                  - Undefined Weak Reference
    __cxa_finalize                            - Undefined Weak Reference
    __rt_locale                               - Undefined Weak Reference
    __sigvec_lookup                           - Undefined Weak Reference
    _atexit_init                              - Undefined Weak Reference
    _call_atexit_fns                          - Undefined Weak Reference
    _clock_init                               - Undefined Weak Reference
    _fp_trap_init                             - Undefined Weak Reference
    _fp_trap_shutdown                         - Undefined Weak Reference
    _get_lc_collate                           - Undefined Weak Reference
    _get_lc_ctype                             - Undefined Weak Reference
    _get_lc_monetary                          - Undefined Weak Reference
    _get_lc_numeric                           - Undefined Weak Reference
    _get_lc_time                              - Undefined Weak Reference
    _getenv_init                              - Undefined Weak Reference
    _handle_redirection                       - Undefined Weak Reference
    _init_alloc                               - Undefined Weak Reference
    _init_user_alloc                          - Undefined Weak Reference
    _initio                                   - Undefined Weak Reference
    _rand_init                                - Undefined Weak Reference
    _signal_finish                            - Undefined Weak Reference
    _signal_init                              - Undefined Weak Reference
    _terminate_alloc                          - Undefined Weak Reference
    _terminate_user_alloc                     - Undefined Weak Reference
    _terminateio                              - Undefined Weak Reference
    Reset_Handler                            0x00000058   ARM Code       0  startup.o(RESET)
    __main                                   0x00000110   ARM Code       8  __main.o(!!!main)
    __scatterload                            0x00000118   ARM Code       0  __scatter.o(!!!scatter)
    __scatterload_rt2                        0x00000118   ARM Code      52  __scatter.o(!!!scatter)
    __scatterload_null                       0x0000012c   ARM Code       0  __scatter.o(!!!scatter)
    __scatterload_copy                       0x00000154   ARM Code      40  __scatter_copy.o(!!handler_copy)
    __scatterload_zeroinit                   0x0000017c   ARM Code      44  __scatter_zi.o(!!handler_zi)
    Inline ARM to Thumb Veneer to __rt_lib_init 0x000001a8   ARM Code       8  libinit.o(.ARM.Collect$$libinit$$00000000)
    __rt_lib_init                            0x000001b1   Thumb Code     0  libinit.o(.ARM.Collect$$libinit$$00000000)
    __rt_lib_init_alloca_1                   0x000001b3   Thumb Code     0  libinit2.o(.ARM.Collect$$libinit$$0000002E)
    __rt_lib_init_argv_1                     0x000001b3   Thumb Code     0  libinit2.o(.ARM.Collect$$libinit$$0000002C)
    __rt_lib_init_atexit_1                   0x000001b3   Thumb Code     0  libinit2.o(.ARM.Collect$$libinit$$0000001B)
    __rt_lib_init_clock_1                    0x000001b3   Thumb Code     0  libinit2.o(.ARM.Collect$$libinit$$00000021)
    __rt_lib_init_cpp_1                      0x000001b3   Thumb Code     0  libinit2.o(.ARM.Collect$$libinit$$00000032)
    __rt_lib_init_exceptions_1               0x000001b3   Thumb Code     0  libinit2.o(.ARM.Collect$$libinit$$00000030)
    __rt_lib_init_fp_1                       0x000001b3   Thumb Code     0  libinit2.o(.ARM.Collect$$libinit$$00000002)
    __rt_lib_init_fp_trap_1                  0x000001b3   Thumb Code     0  libinit2.o(.ARM.Collect$$libinit$$0000001F)
    __rt_lib_init_getenv_1                   0x000001b3   Thumb Code     0  libinit2.o(.ARM.Collect$$libinit$$00000023)
    __rt_lib_init_heap_1                     0x000001b3   Thumb Code     0  libinit2.o(.ARM.Collect$$libinit$$0000000A)
    __rt_lib_init_lc_collate_1               0x000001b3   Thumb Code     0  libinit2.o(.ARM.Collect$$libinit$$00000011)
    __rt_lib_init_lc_ctype_1                 0x000001b3   Thumb Code     0  libinit2.o(.ARM.Collect$$libinit$$00000013)
    __rt_lib_init_lc_monetary_1              0x000001b3   Thumb Code     0  libinit2.o(.ARM.Collect$$libinit$$00000015)
    __rt_lib_init_lc_numeric_1               0x000001b3   Thumb Code     0  libinit2.o(.ARM.Collect$$libinit$$00000017)
    __rt_lib_init_lc_time_1                  0x000001b3   Thumb Code     0  libinit2.o(.ARM.Collect$$libinit$$00000019)
    __rt_lib_init_preinit_1                  0x000001b3   Thumb Code     0  libinit2.o(.ARM.Collect$$libinit$$00000004)
    __rt_lib_init_rand_1                     0x000001b3   Thumb Code     0  libinit2.o(.ARM.Collect$$libinit$$0000000E)
    __rt_lib_init_return                     0x000001b3   Thumb Code     0  libinit2.o(.ARM.Collect$$libinit$$00000033)
    __rt_lib_init_signal_1                   0x000001b3   Thumb Code     0  libinit2.o(.ARM.Collect$$libinit$$0000001D)
    __rt_lib_init_stdio_1                    0x000001b3   Thumb Code     0  libinit2.o(.ARM.Collect$$libinit$$00000025)
    __rt_lib_init_user_alloc_1               0x000001b3   Thumb Code     0  libinit2.o(.ARM.Collect$$libinit$$0000000C)
    Inline ARM to Thumb Veneer to __rt_lib_shutdown 0x000001c0   ARM Code       8  libshutdown.o(.ARM.Collect$$libshutdown$$00000000)
    __rt_lib_shutdown                        0x000001c9   Thumb Code     0  libshutdown.o(.ARM.Collect$$libshutdown$$00000000)
    __rt_lib_shutdown_fp_trap_1              0x000001cd   Thumb Code     0  libshutdown2.o(.ARM.Collect$$libshutdown$$00000006)
    __rt_lib_shutdown_heap_1                 0x000001cd   Thumb Code     0  libshutdown2.o(.ARM.Collect$$libshutdown$$0000000E)
    __rt_lib_shutdown_return                 0x000001cd   Thumb Code     0  libshutdown2.o(.ARM.Collect$$libshutdown$$0000000F)
    __rt_lib_shutdown_signal_1               0x000001cd   Thumb Code     0  libshutdown2.o(.ARM.Collect$$libshutdown$$00000009)
    __rt_lib_shutdown_stdio_1                0x000001cd   Thumb Code     0  libshutdown2.o(.ARM.Collect$$libshutdown$$00000003)
    __rt_lib_shutdown_user_alloc_1           0x000001cd   Thumb Code     0  libshutdown2.o(.ARM.Collect$$libshutdown$$0000000B)
    __rt_entry                               0x000001d4   ARM Code       0  __rtentry.o(.ARM.Collect$$rtentry$$00000000)
    __rt_entry_presh_1                       0x000001d4   ARM Code       0  __rtentry2.o(.ARM.Collect$$rtentry$$00000002)
    __rt_entry_sh                            0x000001d4   ARM Code       0  __rtentry4.o(.ARM.Collect$$rtentry$$00000004)
    __rt_entry_li                            0x000001dc   ARM Code       0  __rtentry2.o(.ARM.Collect$$rtentry$$0000000A)
    __rt_entry_postsh_1                      0x000001dc   ARM Code       0  __rtentry2.o(.ARM.Collect$$rtentry$$00000009)
    __rt_entry_main                          0x000001e0   ARM Code       0  __rtentry2.o(.ARM.Collect$$rtentry$$0000000D)
    __rt_entry_postli_1                      0x000001e0   ARM Code       0  __rtentry2.o(.ARM.Collect$$rtentry$$0000000C)
    Inline Thumb to ARM Veneer to __rt_exit  0x00000209   Thumb Code     4  rtexit.o(.ARM.Collect$$rtexit$$00000000)
    __rt_exit                                0x0000020c   ARM Code       0  rtexit.o(.ARM.Collect$$rtexit$$00000000)
    __rt_exit_ls                             0x00000210   ARM Code       0  rtexit2.o(.ARM.Collect$$rtexit$$00000003)
    __rt_exit_prels_1                        0x00000210   ARM Code       0  rtexit2.o(.ARM.Collect$$rtexit$$00000002)
    __rt_exit_exit                           0x00000214   ARM Code       0  rtexit2.o(.ARM.Collect$$rtexit$$00000004)
    __user_initial_stackheap                 0x0000021c   ARM Code       0  startup.o(.text)
    __aeabi_idiv                             0x0000023c   ARM Code       0  aeabi_sdiv.o(.text)
    __aeabi_idivmod                          0x0000023c   ARM Code     384  aeabi_sdiv.o(.text)
    __use_two_region_memory                  0x000003bd   Thumb Code     2  heapauxi.o(.text)
    __rt_heap_escrow$2region                 0x000003bf   Thumb Code     2  heapauxi.o(.text)
    __rt_heap_expand$2region                 0x000003c1   Thumb Code     2  heapauxi.o(.text)
    __user_setup_stackheap                   0x000003c4   ARM Code      96  sys_stackheap_outer.o(.text)
    exit                                     0x00000425   Thumb Code    12  exit.o(.text)
    __user_libspace                          0x00000430   ARM Code      12  libspace.o(.text)
    __user_perproc_libspace                  0x00000430   ARM Code       0  libspace.o(.text)
    __user_perthread_libspace                0x00000430   ARM Code       0  libspace.o(.text)
    Inline ARM to Thumb Veneer to _sys_exit  0x0000043c   ARM Code       8  sys_exit.o(.text)
    _sys_exit                                0x00000445   Thumb Code     8  sys_exit.o(.text)
    __I$use$semihosting                      0x00000450   ARM Code       0  use_no_semi.o(.text)
    __use_no_semihosting_swi                 0x00000450   ARM Code       4  use_no_semi.o(.text)
    __semihosting_library_function           0x00000454   ARM Code       0  indicate_semi.o(.text)
    ldra_close                               0x00000454   ARM Code      28  main.o(i.ldra_close)
    ldra_exit                                0x000004a8   ARM Code      36  main.o(i.ldra_exit)
    ldra_open                                0x00000544   ARM Code      64  main.o(i.ldra_open)
    ldra_port_init                           0x00000588   ARM Code      16  main.o(i.ldra_port_init)
    ldra_port_is_configured                  0x0000059c   ARM Code      12  main.o(i.ldra_port_is_configured)
    ldra_port_write                          0x000005ac   ARM Code      52  main.o(i.ldra_port_write)
    ldra_sprintf2                            0x00000744   ARM Code      64  main.o(i.ldra_sprintf2)
    ldra_sprintf4                            0x00000784   ARM Code      64  main.o(i.ldra_sprintf4)
    main                                     0x000007c4   ARM Code      40  main.o(i.main)
    main_50zzzfun                            0x00000938   ARM Code    1140  main.o(i.main_50zzzfun)
    qqqupload                                0x00001088   ARM Code     220  main.o(i.qqqupload)
    qqqzzuploadmcdc                          0x0000118c   ARM Code     644  main.o(i.qqqzzuploadmcdc)
    sm_init                                  0x00001410   ARM Code     124  state_machine.o(i.sm_init)
    stateMachine                             0x000014b4   ARM Code    1316  state_machine.o(i.stateMachine)
    upload_execution_history                 0x00001b18   ARM Code      20  main.o(i.upload_execution_history)
    zqqzqz1                                  0x00001b2c   ARM Code      56  main.o(i.zqqzqz1)
    Region$$Table$$Base                      0x00001b68   Number         0  anon$$obj.o(Region$$Table)
    Region$$Table$$Limit                     0x00001b88   Number         0  anon$$obj.o(Region$$Table)
    QQQindicator                             0x40000004   Data           4  main.o(.data)
    QQQfirstmcdc                             0x40000008   Data           4  main.o(.data)
    zzopen                                   0x4000000c   Data           4  main.o(.data)
    qqupload_registered                      0x40000058   Data           4  main.o(.data)
    b_On                                     0x40000068   Data           4  state_machine.o(.data)
    b_Fail                                   0x4000006c   Data           4  state_machine.o(.data)
    b_Panel                                  0x40000070   Data           4  state_machine.o(.data)
    b_Shutdown                               0x40000074   Data           4  state_machine.o(.data)
    b_Maintenance                            0x40000078   Data           4  state_machine.o(.data)
    sshort_Position                          0x4000007c   Data           2  state_machine.o(.data)
    ushort_Mode                              0x4000007e   Data           2  state_machine.o(.data)
    ushort_Power                             0x40000080   Data           2  state_machine.o(.data)
    ushort_State                             0x40000082   Data           2  state_machine.o(.data)
    ushort_timeCount                         0x40000084   Data           2  state_machine.o(.data)
    ldra_buffer                              0x40000094   Data          64  main.o(.bss)
    qqzzglobarrb                             0x40000ab0   Data         160  main.o(.bss)
    qqzzglobarrp                             0x40000b50   Data         160  main.o(.bss)
    qqzzglobarrs                             0x40000bf0   Data         160  main.o(.bss)
    qqzzglobmax                              0x40000c90   Data          80  main.o(.bss)
    qqzzglobbrns                             0x40000ce0   Data          80  main.o(.bss)
    qqzzglobfileid                           0x40000d30   Data          80  main.o(.bss)
    __libspace_start                         0x40000da4   Data          96  libspace.o(.bss)
    __temporary_stack_top$libspace           0x40000e04   Data           0  libspace.o(.bss)



==============================================================================

Memory Map of the image

  Image Entry point : 0x00000110

  Load Region LR_IROM1 (Base: 0x00000000, Size: 0x00001c1c, Max: 0x00040000, ABSOLUTE)

    Execution Region ER_IROM1 (Base: 0x00000000, Size: 0x00001b88, Max: 0x00040000, ABSOLUTE)

    Base Addr    Size         Type   Attr      Idx    E Section Name        Object

    0x00000000   0x00000110   Code   RO            3    RESET               startup.o
    0x00000110   0x00000008   Code   RO          416  * !!!main             c_t.l(__main.o)
    0x00000118   0x0000003c   Code   RO          584    !!!scatter          c_t.l(__scatter.o)
    0x00000154   0x00000028   Code   RO          586    !!handler_copy      c_t.l(__scatter_copy.o)
    0x0000017c   0x0000002c   Code   RO          588    !!handler_zi        c_t.l(__scatter_zi.o)
    0x000001a8   0x00000008   Ven    RO          453    .ARM.Collect$$libinit$$00000000  c_t.l(libinit.o)
    0x000001b0   0x00000002   Code   RO          453    .ARM.Collect$$libinit$$00000000  c_t.l(libinit.o)
    0x000001b2   0x00000000   Code   RO          466    .ARM.Collect$$libinit$$00000002  c_t.l(libinit2.o)
    0x000001b2   0x00000000   Code   RO          468    .ARM.Collect$$libinit$$00000004  c_t.l(libinit2.o)
    0x000001b2   0x00000000   Code   RO          471    .ARM.Collect$$libinit$$0000000A  c_t.l(libinit2.o)
    0x000001b2   0x00000000   Code   RO          473    .ARM.Collect$$libinit$$0000000C  c_t.l(libinit2.o)
    0x000001b2   0x00000000   Code   RO          475    .ARM.Collect$$libinit$$0000000E  c_t.l(libinit2.o)
    0x000001b2   0x00000000   Code   RO          478    .ARM.Collect$$libinit$$00000011  c_t.l(libinit2.o)
    0x000001b2   0x00000000   Code   RO          480    .ARM.Collect$$libinit$$00000013  c_t.l(libinit2.o)
    0x000001b2   0x00000000   Code   RO          482    .ARM.Collect$$libinit$$00000015  c_t.l(libinit2.o)
    0x000001b2   0x00000000   Code   RO          484    .ARM.Collect$$libinit$$00000017  c_t.l(libinit2.o)
    0x000001b2   0x00000000   Code   RO          486    .ARM.Collect$$libinit$$00000019  c_t.l(libinit2.o)
    0x000001b2   0x00000000   Code   RO          488    .ARM.Collect$$libinit$$0000001B  c_t.l(libinit2.o)
    0x000001b2   0x00000000   Code   RO          490    .ARM.Collect$$libinit$$0000001D  c_t.l(libinit2.o)
    0x000001b2   0x00000000   Code   RO          492    .ARM.Collect$$libinit$$0000001F  c_t.l(libinit2.o)
    0x000001b2   0x00000000   Code   RO          494    .ARM.Collect$$libinit$$00000021  c_t.l(libinit2.o)
    0x000001b2   0x00000000   Code   RO          496    .ARM.Collect$$libinit$$00000023  c_t.l(libinit2.o)
    0x000001b2   0x00000000   Code   RO          498    .ARM.Collect$$libinit$$00000025  c_t.l(libinit2.o)
    0x000001b2   0x00000000   Code   RO          502    .ARM.Collect$$libinit$$0000002C  c_t.l(libinit2.o)
    0x000001b2   0x00000000   Code   RO          504    .ARM.Collect$$libinit$$0000002E  c_t.l(libinit2.o)
    0x000001b2   0x00000000   Code   RO          506    .ARM.Collect$$libinit$$00000030  c_t.l(libinit2.o)
    0x000001b2   0x00000000   Code   RO          508    .ARM.Collect$$libinit$$00000032  c_t.l(libinit2.o)
    0x000001b2   0x0000000c   Code   RO          509    .ARM.Collect$$libinit$$00000033  c_t.l(libinit2.o)
    0x000001be   0x00000002   PAD
    0x000001c0   0x00000008   Ven    RO          542    .ARM.Collect$$libshutdown$$00000000  c_t.l(libshutdown.o)
    0x000001c8   0x00000004   Code   RO          542    .ARM.Collect$$libshutdown$$00000000  c_t.l(libshutdown.o)
    0x000001cc   0x00000000   Code   RO          569    .ARM.Collect$$libshutdown$$00000003  c_t.l(libshutdown2.o)
    0x000001cc   0x00000000   Code   RO          572    .ARM.Collect$$libshutdown$$00000006  c_t.l(libshutdown2.o)
    0x000001cc   0x00000000   Code   RO          575    .ARM.Collect$$libshutdown$$00000009  c_t.l(libshutdown2.o)
    0x000001cc   0x00000000   Code   RO          577    .ARM.Collect$$libshutdown$$0000000B  c_t.l(libshutdown2.o)
    0x000001cc   0x00000000   Code   RO          580    .ARM.Collect$$libshutdown$$0000000E  c_t.l(libshutdown2.o)
    0x000001cc   0x00000006   Code   RO          581    .ARM.Collect$$libshutdown$$0000000F  c_t.l(libshutdown2.o)
    0x000001d2   0x00000002   PAD
    0x000001d4   0x00000000   Code   RO          418    .ARM.Collect$$rtentry$$00000000  c_t.l(__rtentry.o)
    0x000001d4   0x00000000   Code   RO          424    .ARM.Collect$$rtentry$$00000002  c_t.l(__rtentry2.o)
    0x000001d4   0x00000008   Code   RO          436    .ARM.Collect$$rtentry$$00000004  c_t.l(__rtentry4.o)
    0x000001dc   0x00000000   Code   RO          426    .ARM.Collect$$rtentry$$00000009  c_t.l(__rtentry2.o)
    0x000001dc   0x00000004   Code   RO          427    .ARM.Collect$$rtentry$$0000000A  c_t.l(__rtentry2.o)
    0x000001e0   0x00000000   Code   RO          429    .ARM.Collect$$rtentry$$0000000C  c_t.l(__rtentry2.o)
    0x000001e0   0x00000028   Code   RO          430    .ARM.Collect$$rtentry$$0000000D  c_t.l(__rtentry2.o)
    0x00000208   0x00000004   Ven    RO          457    .ARM.Collect$$rtexit$$00000000  c_t.l(rtexit.o)
    0x0000020c   0x00000004   Code   RO          457    .ARM.Collect$$rtexit$$00000000  c_t.l(rtexit.o)
    0x00000210   0x00000000   Code   RO          513    .ARM.Collect$$rtexit$$00000002  c_t.l(rtexit2.o)
    0x00000210   0x00000004   Code   RO          514    .ARM.Collect$$rtexit$$00000003  c_t.l(rtexit2.o)
    0x00000214   0x00000008   Code   RO          515    .ARM.Collect$$rtexit$$00000004  c_t.l(rtexit2.o)
    0x0000021c   0x00000020   Code   RO            4    .text               startup.o
    0x0000023c   0x00000180   Code   RO          398    .text               c_t.l(aeabi_sdiv.o)
    0x000003bc   0x00000006   Code   RO          414    .text               c_t.l(heapauxi.o)
    0x000003c2   0x00000002   PAD
    0x000003c4   0x00000060   Code   RO          440    .text               c_t.l(sys_stackheap_outer.o)
    0x00000424   0x0000000c   Code   RO          442    .text               c_t.l(exit.o)
    0x00000430   0x0000000c   Code   RO          454    .text               c_t.l(libspace.o)
    0x0000043c   0x00000008   Ven    RO          510    .text               c_t.l(sys_exit.o)
    0x00000444   0x0000000c   Code   RO          510    .text               c_t.l(sys_exit.o)
    0x00000450   0x00000004   Code   RO          531    .text               c_t.l(use_no_semi.o)
    0x00000454   0x00000000   Code   RO          533    .text               c_t.l(indicate_semi.o)
    0x00000454   0x0000001c   Code   RO           11    i.ldra_close        main.o
    0x00000470   0x00000038   Code   RO           12    i.ldra_delay        main.o
    0x000004a8   0x00000028   Code   RO           13    i.ldra_exit         main.o
    0x000004d0   0x00000074   Code   RO           14    i.ldra_int_to_dec   main.o
    0x00000544   0x00000044   Code   RO           15    i.ldra_open         main.o
    0x00000588   0x00000014   Code   RO           16    i.ldra_port_init    main.o
    0x0000059c   0x00000010   Code   RO           17    i.ldra_port_is_configured  main.o
    0x000005ac   0x00000038   Code   RO           18    i.ldra_port_write   main.o
    0x000005e4   0x00000160   Code   RO           19    i.ldra_sprintf      main.o
    0x00000744   0x00000040   Code   RO           21    i.ldra_sprintf2     main.o
    0x00000784   0x00000040   Code   RO           23    i.ldra_sprintf4     main.o
    0x000007c4   0x00000028   Code   RO           24    i.main              main.o
    0x000007ec   0x00000118   Code   RO           25    i.main_50zqendz     main.o
    0x00000904   0x00000034   Code   RO           27    i.main_50zqzqzq     main.o
    0x00000938   0x0000049c   Code   RO           31    i.main_50zzzfun     main.o
    0x00000dd4   0x0000003c   Code   RO           34    i.qqoutput          main.o
    0x00000e10   0x00000018   Code   RO           35    i.qqoutput0         main.o
    0x00000e28   0x00000038   Code   RO           36    i.qqoutput2         main.o
    0x00000e60   0x00000044   Code   RO           38    i.qqoutput4         main.o
    0x00000ea4   0x00000124   Code   RO           39    i.qqqqinitialise    main.o
    0x00000fc8   0x000000c0   Code   RO          221    i.qqqqinitialise    state_machine.o
    0x00001088   0x00000104   Code   RO           40    i.qqqupload         main.o
    0x0000118c   0x00000284   Code   RO           41    i.qqqzzuploadmcdc   main.o
    0x00001410   0x000000a4   Code   RO          222    i.sm_init           state_machine.o
    0x000014b4   0x0000054c   Code   RO          223    i.stateMachine      state_machine.o
    0x00001a00   0x00000078   Code   RO          224    i.state_machine_51zqendz  state_machine.o
    0x00001a78   0x000000a0   Code   RO          227    i.state_machine_51zzqqzz  state_machine.o
    0x00001b18   0x00000014   Code   RO           43    i.upload_execution_history  main.o
    0x00001b2c   0x0000003c   Code   RO           44    i.zqqzqz1           main.o
    0x00001b68   0x00000020   Data   RO          582    Region$$Table       anon$$obj.o


    Execution Region RW_IRAM1 (Base: 0x40000000, Size: 0x00001290, Max: 0x00004000, ABSOLUTE)

    Base Addr    Size         Type   Attr      Idx    E Section Name        Object

    0x40000000   0x0000005c   Data   RW           46    .data               main.o
    0x4000005c   0x00000038   Data   RW          232    .data               state_machine.o
    0x40000094   0x00000cec   Zero   RW           45    .bss                main.o
    0x40000d80   0x00000024   Zero   RW          231    .bss                state_machine.o
    0x40000da4   0x00000060   Zero   RW          455    .bss                c_t.l(libspace.o)
    0x40000e04   0x00000004   PAD
    0x40000e08   0x00000000   Zero   RW            2    HEAP                startup.o
    0x40000e08   0x00000488   Zero   RW            1    STACK               startup.o


==============================================================================

Image component sizes


      Code (inc. data)   RO Data    RW Data    ZI Data      Debug   Object Name

      3916        244          0         92       3308      17898   main.o
       304         60          0          0       1160        564   startup.o
      1992        124          0         56         36       5714   state_machine.o

    ----------------------------------------------------------------------
      6212        428         32        148       4504      24176   Object Totals
         0          0         32          0          0          0   (incl. Generated)
         0          0          0          0          0          0   (incl. Padding)

    ----------------------------------------------------------------------

      Code (inc. data)   RO Data    RW Data    ZI Data      Debug   Library Member Name

         8          0          0          0          0         68   __main.o
         0          0          0          0          0          0   __rtentry.o
        44          4          0          0          0          0   __rtentry2.o
         8          0          0          0          0          0   __rtentry4.o
        60          8          0          0          0          0   __scatter.o
        40          0          0          0          0          0   __scatter_copy.o
        44          0          0          0          0          0   __scatter_zi.o
       384          0          0          0          0         80   aeabi_sdiv.o
        12          0          0          0          0         64   exit.o
         6          0          0          0          0        136   heapauxi.o
         0          0          0          0          0          0   indicate_semi.o
        10          0          0          0          0          0   libinit.o
        12          0          0          0          0          0   libinit2.o
        12          0          0          0          0          0   libshutdown.o
         6          0          0          0          0          0   libshutdown2.o
        12          4          0          0         96         68   libspace.o
         8          0          0          0          0          0   rtexit.o
        12          0          0          0          0          0   rtexit2.o
        20          4          0          0          0         60   sys_exit.o
        96          0          0          0          0         80   sys_stackheap_outer.o
         4          0          0          0          0         68   use_no_semi.o

    ----------------------------------------------------------------------
       804         20          0          0        100        624   Library Totals
         6          0          0          0          4          0   (incl. Padding)

    ----------------------------------------------------------------------

      Code (inc. data)   RO Data    RW Data    ZI Data      Debug   Library Name

       798         20          0          0         96        624   c_t.l

    ----------------------------------------------------------------------
       804         20          0          0        100        624   Library Totals

    ----------------------------------------------------------------------

==============================================================================


      Code (inc. data)   RO Data    RW Data    ZI Data      Debug   

      7016        448         32        148       4604      23356   Grand Totals
      7016        448         32        148       4604      23356   ELF Image Totals
      7016        448         32        148          0          0   ROM Totals

==============================================================================

    Total RO  Size (Code + RO Data)                 7048 (   6.88kB)
    Total RW  Size (RW Data + ZI Data)              4752 (   4.64kB)
    Total ROM Size (Code + RO Data + RW Data)       7196 (   7.03kB)

==============================================================================

