Component: ARM Compiler 5.05 update 2 (build 169) Tool: armlink [4d0f33]

==============================================================================

Section Cross References

    startup.o(STACK) refers (Special) to heapauxi.o(.text) for __use_two_region_memory
    startup.o(HEAP) refers (Special) to heapauxi.o(.text) for __use_two_region_memory
    startup.o(RESET) refers (Special) to heapauxi.o(.text) for __use_two_region_memory
    startup.o(RESET) refers to startup.o(STACK) for Stack_Top
    startup.o(RESET) refers to __main.o(!!!main) for __main
    startup.o(.text) refers (Special) to heapauxi.o(.text) for __use_two_region_memory
    startup.o(.text) refers to startup.o(HEAP) for Heap_Mem
    startup.o(.text) refers to startup.o(STACK) for Stack_Mem
    main.o(i.ldra_delay) refers to main.o(i.ldra_port_is_configured) for ldra_port_is_configured
    main.o(i.ldra_exit) refers to main.o(i.ldra_delay) for ldra_delay
    main.o(i.ldra_int_to_dec) refers to aeabi_sdiv.o(.text) for __aeabi_idivmod
    main.o(i.ldra_port_close) refers to main.o(i.ldra_upload) for ldra_upload
    main.o(i.ldra_port_close) refers to main.o(i.ldra_exit) for ldra_exit
    main.o(i.ldra_port_init) refers to main.o(.data) for Configured
    main.o(i.ldra_port_is_configured) refers to main.o(.data) for Configured
    main.o(i.ldra_port_open) refers to main.o(i.ldra_port_is_configured) for ldra_port_is_configured
    main.o(i.ldra_port_open) refers to main.o(i.ldra_port_init) for ldra_port_init
    main.o(i.ldra_port_open) refers to main.o(.data) for ldra_fileid
    main.o(i.ldra_port_write) refers to main.o(i.ldra_delay) for ldra_delay
    main.o(i.ldra_sprintf) refers to aeabi_sdiv.o(.text) for __aeabi_idivmod
    main.o(i.ldra_sprintf) refers to main.o(i.ldra_int_to_dec) for ldra_int_to_dec
    main.o(i.ldra_sprintf1) refers to main.o(i.ldra_sprintf) for ldra_sprintf
    main.o(i.ldra_sprintf2) refers to main.o(i.ldra_sprintf) for ldra_sprintf
    main.o(i.ldra_sprintf3) refers to main.o(i.ldra_sprintf) for ldra_sprintf
    main.o(i.ldra_sprintf4) refers to main.o(i.ldra_sprintf) for ldra_sprintf
    main.o(i.main) refers to main.o(i.zqqzqz1) for zqqzqz1
    main.o(i.main) refers to state_machine.o(i.sm_init) for sm_init
    main.o(i.main) refers to state_machine.o(i.stateMachine) for stateMachine
    main.o(i.main) refers to main.o(i.main_50zqzqzq) for main_50zqzqzq
    main.o(i.main_50zqendz) refers to main.o(i.zqqzqz1) for zqqzqz1
    main.o(i.main_50zqendz) refers to main.o(i.main_50zzzfun) for main_50zzzfun
    main.o(i.main_50zqendz) refers to main.o(i.upload_execution_history) for upload_execution_history
    main.o(i.main_50zqendz) refers to main.o(.data) for zzopen
    main.o(i.main_50zqqzqz) refers to main.o(i.ldra_port_open) for ldra_port_open
    main.o(i.main_50zqqzqz) refers to main.o(.data) for zzopen
    main.o(i.main_50zqzqzq) refers to main.o(i.zqqzqz1) for zqqzqz1
    main.o(i.main_50zqzqzq) refers to main.o(i.main_50zqendz) for main_50zqendz
    main.o(i.main_50zqzqzq) refers to main.o(.data) for zzopen
    main.o(i.main_50zzdo17) refers to main.o(i.main_50zzqqzz) for main_50zzqqzz
    main.o(i.main_50zzdo17) refers to main.o(.data) for qqqmcdcnest
    main.o(i.main_50zzdo17) refers to main.o(.bss) for qqqmcdcstack
    main.o(i.main_50zzqqzz) refers to main.o(i.zqqzqz1) for zqqzqz1
    main.o(i.main_50zzqqzz) refers to main.o(i.main_50zzzfun) for main_50zzzfun
    main.o(i.main_50zzqqzz) refers to main.o(.data) for zzopen
    main.o(i.main_50zzzfun) refers to main.o(i.qqqqinitialise) for qqqqinitialise
    main.o(i.main_50zzzfun) refers to main.o(.data) for qqqlast
    main.o(i.main_50zzzfun) refers to main.o(.bss) for aqqqmcdctrace
    main.o(i.main_50zzzqfz) refers to main.o(i.main_50zzqqzz) for main_50zzqqzz
    main.o(i.main_50zzzqtz) refers to main.o(i.main_50zzqqzz) for main_50zzqqzz
    main.o(i.qqoutput) refers to main.o(i.ldra_sprintf2) for ldra_sprintf2
    main.o(i.qqoutput) refers to main.o(i.ldra_port_write) for ldra_port_write
    main.o(i.qqoutput) refers to main.o(.data) for zzfileid
    main.o(i.qqoutput) refers to main.o(.bss) for ldra_buffer
    main.o(i.qqoutput0) refers to main.o(i.ldra_port_write) for ldra_port_write
    main.o(i.qqoutput2) refers to main.o(i.ldra_sprintf2) for ldra_sprintf2
    main.o(i.qqoutput2) refers to main.o(i.ldra_port_write) for ldra_port_write
    main.o(i.qqoutput2) refers to main.o(.bss) for ldra_buffer
    main.o(i.qqoutput3) refers to main.o(i.ldra_sprintf3) for ldra_sprintf3
    main.o(i.qqoutput3) refers to main.o(i.ldra_port_write) for ldra_port_write
    main.o(i.qqoutput3) refers to main.o(.bss) for ldra_buffer
    main.o(i.qqoutput4) refers to main.o(i.ldra_sprintf4) for ldra_sprintf4
    main.o(i.qqoutput4) refers to main.o(i.ldra_port_write) for ldra_port_write
    main.o(i.qqoutput4) refers to main.o(.bss) for ldra_buffer
    main.o(i.qqqqinitialise) refers to main.o(i.qqqupload) for qqqupload
    main.o(i.qqqqinitialise) refers to main.o(i.upload_execution_history) for upload_execution_history
    main.o(i.qqqqinitialise) refers to main.o(.data) for qqqstoreused
    main.o(i.qqqqinitialise) refers to main.o(.bss) for qqzzglobarrp
    main.o(i.qqqupload) refers to main.o(i.ldra_send_start_message) for ldra_send_start_message
    main.o(i.qqqupload) refers to main.o(i.qqoutput2) for qqoutput2
    main.o(i.qqqupload) refers to main.o(i.qqqzzuploadmcdc) for qqqzzuploadmcdc
    main.o(i.qqqupload) refers to main.o(.data) for qqqlast
    main.o(i.qqqupload) refers to main.o(.bss) for qqzzglobarrb
    main.o(i.qqqzzuploadmcdc) refers to main.o(i.qqoutput4) for qqoutput4
    main.o(i.qqqzzuploadmcdc) refers to main.o(i.qqoutput0) for qqoutput0
    main.o(i.qqqzzuploadmcdc) refers to main.o(i.qqoutput) for qqoutput
    main.o(i.qqqzzuploadmcdc) refers to main.o(i.qqoutput2) for qqoutput2
    main.o(i.qqqzzuploadmcdc) refers to main.o(.data) for qqqlastmcdc
    main.o(i.swzzqqzz) refers to main.o(i.zqqzqz1) for zqqzqz1
    main.o(i.swzzqqzz) refers to main.o(.data) for qqqzzglobflag
    main.o(i.upload_execution_history) refers to main.o(i.qqqupload) for qqqupload
    main.o(i.upload_execution_history) refers to main.o(i.ldra_port_close) for ldra_port_close
    main.o(i.zqqzqz1) refers to main.o(i.ldra_port_open) for ldra_port_open
    main.o(i.zqqzqz1) refers to main.o(i.qqqqinitialise) for qqqqinitialise
    main.o(i.zqqzqz1) refers to main.o(.data) for zzopen
    state_machine.o(i.qqoutput) refers to main.o(i.ldra_sprintf2) for ldra_sprintf2
    state_machine.o(i.qqoutput) refers to main.o(i.ldra_port_write) for ldra_port_write
    state_machine.o(i.qqoutput) refers to state_machine.o(.data) for zzfileid
    state_machine.o(i.qqoutput) refers to main.o(.bss) for ldra_buffer
    state_machine.o(i.qqoutput0) refers to main.o(i.ldra_port_write) for ldra_port_write
    state_machine.o(i.qqoutput2) refers to main.o(i.ldra_sprintf2) for ldra_sprintf2
    state_machine.o(i.qqoutput2) refers to main.o(i.ldra_port_write) for ldra_port_write
    state_machine.o(i.qqoutput2) refers to main.o(.bss) for ldra_buffer
    state_machine.o(i.qqoutput3) refers to main.o(i.ldra_sprintf3) for ldra_sprintf3
    state_machine.o(i.qqoutput3) refers to main.o(i.ldra_port_write) for ldra_port_write
    state_machine.o(i.qqoutput3) refers to main.o(.bss) for ldra_buffer
    state_machine.o(i.qqoutput4) refers to main.o(i.ldra_sprintf4) for ldra_sprintf4
    state_machine.o(i.qqoutput4) refers to main.o(i.ldra_port_write) for ldra_port_write
    state_machine.o(i.qqoutput4) refers to main.o(.bss) for ldra_buffer
    state_machine.o(i.qqqqinitialise) refers to main.o(i.qqqupload) for qqqupload
    state_machine.o(i.qqqqinitialise) refers to state_machine.o(.bss) for bitmaparr
    state_machine.o(i.qqqqinitialise) refers to state_machine.o(.data) for qqqlast
    state_machine.o(i.qqqqinitialise) refers to main.o(.bss) for qqzzglobarrb
    state_machine.o(i.sm_init) refers to state_machine.o(i.state_machine_51zzqqzz) for state_machine_51zzqqzz
    state_machine.o(i.sm_init) refers to state_machine.o(i.state_machine_51zqendz) for state_machine_51zqendz
    state_machine.o(i.sm_init) refers to state_machine.o(.data) for b_Fail
    state_machine.o(i.stateMachine) refers to state_machine.o(i.state_machine_51zzqqzz) for state_machine_51zzqqzz
    state_machine.o(i.stateMachine) refers to state_machine.o(i.state_machine_51zqendz) for state_machine_51zqendz
    state_machine.o(i.stateMachine) refers to state_machine.o(.data) for ushort_State
    state_machine.o(i.state_machine_51zqendz) refers to main.o(i.zqqzqz1) for zqqzqz1
    state_machine.o(i.state_machine_51zqendz) refers to main.o(.data) for zzopen
    state_machine.o(i.state_machine_51zqendz) refers to state_machine.o(.bss) for bitmaparr
    state_machine.o(i.state_machine_51zqzqzq) refers to main.o(i.zqqzqz1) for zqqzqz1
    state_machine.o(i.state_machine_51zqzqzq) refers to state_machine.o(i.state_machine_51zqendz) for state_machine_51zqendz
    state_machine.o(i.state_machine_51zqzqzq) refers to main.o(.data) for zzopen
    state_machine.o(i.state_machine_51zzqqzz) refers to main.o(i.zqqzqz1) for zqqzqz1
    state_machine.o(i.state_machine_51zzqqzz) refers to state_machine.o(i.qqqqinitialise) for qqqqinitialise
    state_machine.o(i.state_machine_51zzqqzz) refers to main.o(.data) for zzopen
    state_machine.o(i.state_machine_51zzqqzz) refers to state_machine.o(.data) for qqqlast
    state_machine.o(i.state_machine_51zzqqzz) refers to state_machine.o(.bss) for bitmaparr
    state_machine.o(i.state_machine_51zzzqfz) refers to state_machine.o(i.state_machine_51zzqqzz) for state_machine_51zzqqzz
    state_machine.o(i.state_machine_51zzzqtz) refers to state_machine.o(i.state_machine_51zzqqzz) for state_machine_51zzqqzz
    state_machine.o(i.swzzqqzz) refers to main.o(i.zqqzqz1) for zqqzqz1
    state_machine.o(i.swzzqqzz) refers to state_machine.o(.data) for qqqzzglobflag
    state_machine.o(i.swzzqqzz) refers to main.o(.data) for zzopen
    state_machine.o(i.swzzqqzz) refers to state_machine.o(.bss) for bitmaparr
    led.o(i.LED_52zqendz) refers to main.o(i.zqqzqz1) for zqqzqz1
    led.o(i.LED_52zqendz) refers to main.o(.data) for zzopen
    led.o(i.LED_52zqendz) refers to led.o(.data) for bitmaparr
    led.o(i.LED_52zqzqzq) refers to main.o(i.zqqzqz1) for zqqzqz1
    led.o(i.LED_52zqzqzq) refers to led.o(i.LED_52zqendz) for LED_52zqendz
    led.o(i.LED_52zqzqzq) refers to main.o(.data) for zzopen
    led.o(i.LED_52zzqqzz) refers to main.o(i.zqqzqz1) for zqqzqz1
    led.o(i.LED_52zzqqzz) refers to led.o(i.qqqqinitialise) for qqqqinitialise
    led.o(i.LED_52zzqqzz) refers to main.o(.data) for zzopen
    led.o(i.LED_52zzqqzz) refers to led.o(.data) for qqqlast
    led.o(i.LED_52zzzqfz) refers to led.o(i.LED_52zzqqzz) for LED_52zzqqzz
    led.o(i.LED_52zzzqtz) refers to led.o(i.LED_52zzqqzz) for LED_52zzqqzz
    led.o(i.LED_Initialize) refers to led.o(i.LED_52zzqqzz) for LED_52zzqqzz
    led.o(i.LED_Initialize) refers to led.o(i.LED_52zqendz) for LED_52zqendz
    led.o(i.LED_Off) refers to led.o(i.LED_52zzqqzz) for LED_52zzqqzz
    led.o(i.LED_Off) refers to led.o(i.LED_52zqendz) for LED_52zqendz
    led.o(i.LED_On) refers to led.o(i.LED_52zzqqzz) for LED_52zzqqzz
    led.o(i.LED_On) refers to led.o(i.LED_52zqendz) for LED_52zqendz
    led.o(i.qqoutput) refers to main.o(i.ldra_sprintf2) for ldra_sprintf2
    led.o(i.qqoutput) refers to main.o(i.ldra_port_write) for ldra_port_write
    led.o(i.qqoutput) refers to led.o(.data) for zzfileid
    led.o(i.qqoutput) refers to main.o(.bss) for ldra_buffer
    led.o(i.qqoutput0) refers to main.o(i.ldra_port_write) for ldra_port_write
    led.o(i.qqoutput2) refers to main.o(i.ldra_sprintf2) for ldra_sprintf2
    led.o(i.qqoutput2) refers to main.o(i.ldra_port_write) for ldra_port_write
    led.o(i.qqoutput2) refers to main.o(.bss) for ldra_buffer
    led.o(i.qqoutput3) refers to main.o(i.ldra_sprintf3) for ldra_sprintf3
    led.o(i.qqoutput3) refers to main.o(i.ldra_port_write) for ldra_port_write
    led.o(i.qqoutput3) refers to main.o(.bss) for ldra_buffer
    led.o(i.qqoutput4) refers to main.o(i.ldra_sprintf4) for ldra_sprintf4
    led.o(i.qqoutput4) refers to main.o(i.ldra_port_write) for ldra_port_write
    led.o(i.qqoutput4) refers to main.o(.bss) for ldra_buffer
    led.o(i.qqqqinitialise) refers to main.o(i.qqqupload) for qqqupload
    led.o(i.qqqqinitialise) refers to led.o(.data) for bitmaparr
    led.o(i.qqqqinitialise) refers to main.o(.bss) for qqzzglobarrb
    led.o(i.swzzqqzz) refers to main.o(i.zqqzqz1) for zqqzqz1
    led.o(i.swzzqqzz) refers to led.o(.data) for qqqzzglobflag
    led.o(i.swzzqqzz) refers to main.o(.data) for zzopen
    aeabi_sdiv.o(.text_udiv) refers to aeabi_sdiv.o(.text) for __arm_div2
    aeabi_sdiv_div0.o(.text_udiv) refers to aeabi_sdiv_div0.o(.text) for __arm_div2
    __main.o(!!!main) refers to __rtentry.o(.ARM.Collect$$rtentry$$00000000) for __rt_entry
    __rtentry.o(.ARM.Collect$$rtentry$$00000000) refers (Special) to __rtentry2.o(.ARM.Collect$$rtentry$$0000000A) for __rt_entry_li
    __rtentry.o(.ARM.Collect$$rtentry$$00000000) refers (Special) to __rtentry2.o(.ARM.Collect$$rtentry$$0000000D) for __rt_entry_main
    __rtentry.o(.ARM.Collect$$rtentry$$00000000) refers (Special) to __rtentry2.o(.ARM.Collect$$rtentry$$0000000C) for __rt_entry_postli_1
    __rtentry.o(.ARM.Collect$$rtentry$$00000000) refers (Special) to __rtentry2.o(.ARM.Collect$$rtentry$$00000009) for __rt_entry_postsh_1
    __rtentry.o(.ARM.Collect$$rtentry$$00000000) refers (Special) to __rtentry2.o(.ARM.Collect$$rtentry$$00000002) for __rt_entry_presh_1
    __rtentry.o(.ARM.Collect$$rtentry$$00000000) refers (Special) to __rtentry4.o(.ARM.Collect$$rtentry$$00000004) for __rt_entry_sh
    aeabi_idiv0_sigfpe.o(.text) refers to rt_div0.o(.text) for __rt_div0
    __rtentry2.o(.ARM.Collect$$rtentry$$00000008) refers to boardinit2.o(.text) for _platform_post_stackheap_init
    __rtentry2.o(.ARM.Collect$$rtentry$$0000000A) refers to libinit.o(.ARM.Collect$$libinit$$00000000) for __rt_lib_init
    __rtentry2.o(.ARM.Collect$$rtentry$$0000000B) refers to boardinit3.o(.text) for _platform_post_lib_init
    __rtentry2.o(.ARM.Collect$$rtentry$$0000000D) refers to exit.o(.text) for exit
    __rtentry2.o(.ARM.Collect$$rtentry$$0000000D) refers to main.o(i.main) for main
    __rtentry2.o(.ARM.exidx) refers to __rtentry2.o(.ARM.Collect$$rtentry$$00000001) for .ARM.Collect$$rtentry$$00000001
    __rtentry2.o(.ARM.exidx) refers to __rtentry2.o(.ARM.Collect$$rtentry$$00000008) for .ARM.Collect$$rtentry$$00000008
    __rtentry2.o(.ARM.exidx) refers to __rtentry2.o(.ARM.Collect$$rtentry$$0000000A) for .ARM.Collect$$rtentry$$0000000A
    __rtentry2.o(.ARM.exidx) refers to __rtentry2.o(.ARM.Collect$$rtentry$$0000000B) for .ARM.Collect$$rtentry$$0000000B
    __rtentry2.o(.ARM.exidx) refers to __rtentry2.o(.ARM.Collect$$rtentry$$0000000D) for .ARM.Collect$$rtentry$$0000000D
    __rtentry4.o(.ARM.Collect$$rtentry$$00000004) refers to sys_stackheap_outer.o(.text) for __user_setup_stackheap
    __rtentry4.o(.ARM.exidx) refers to __rtentry4.o(.ARM.Collect$$rtentry$$00000004) for .ARM.Collect$$rtentry$$00000004
    rt_div0.o(.text) refers to defsig_fpe_outer.o(.text) for __rt_SIGFPE
    sys_stackheap_outer.o(.text) refers to libspace.o(.text) for __user_perproc_libspace
    sys_stackheap_outer.o(.text) refers to startup.o(.text) for __user_initial_stackheap
    exit.o(.text) refers to rtexit.o(.ARM.Collect$$rtexit$$00000000) for __rt_exit
    defsig_fpe_outer.o(.text) refers to defsig_fpe_inner.o(.text) for __rt_SIGFPE_inner
    defsig_fpe_outer.o(.text) refers to defsig_exit.o(.text) for __sig_exit
    defsig_fpe_formal.o(.text) refers to rt_raise.o(.text) for __rt_raise
    libinit.o(.ARM.Collect$$libinit$$00000000) refers (Special) to libinit2.o(.ARM.Collect$$libinit$$0000002E) for __rt_lib_init_alloca_1
    libinit.o(.ARM.Collect$$libinit$$00000000) refers (Special) to libinit2.o(.ARM.Collect$$libinit$$0000002C) for __rt_lib_init_argv_1
    libinit.o(.ARM.Collect$$libinit$$00000000) refers (Special) to libinit2.o(.ARM.Collect$$libinit$$0000001B) for __rt_lib_init_atexit_1
    libinit.o(.ARM.Collect$$libinit$$00000000) refers (Special) to libinit2.o(.ARM.Collect$$libinit$$00000021) for __rt_lib_init_clock_1
    libinit.o(.ARM.Collect$$libinit$$00000000) refers (Special) to libinit2.o(.ARM.Collect$$libinit$$00000032) for __rt_lib_init_cpp_1
    libinit.o(.ARM.Collect$$libinit$$00000000) refers (Special) to libinit2.o(.ARM.Collect$$libinit$$00000030) for __rt_lib_init_exceptions_1
    libinit.o(.ARM.Collect$$libinit$$00000000) refers (Special) to libinit2.o(.ARM.Collect$$libinit$$00000002) for __rt_lib_init_fp_1
    libinit.o(.ARM.Collect$$libinit$$00000000) refers (Special) to libinit2.o(.ARM.Collect$$libinit$$0000001F) for __rt_lib_init_fp_trap_1
    libinit.o(.ARM.Collect$$libinit$$00000000) refers (Special) to libinit2.o(.ARM.Collect$$libinit$$00000023) for __rt_lib_init_getenv_1
    libinit.o(.ARM.Collect$$libinit$$00000000) refers (Special) to libinit2.o(.ARM.Collect$$libinit$$0000000A) for __rt_lib_init_heap_1
    libinit.o(.ARM.Collect$$libinit$$00000000) refers (Special) to libinit2.o(.ARM.Collect$$libinit$$00000011) for __rt_lib_init_lc_collate_1
    libinit.o(.ARM.Collect$$libinit$$00000000) refers (Special) to libinit2.o(.ARM.Collect$$libinit$$00000013) for __rt_lib_init_lc_ctype_1
    libinit.o(.ARM.Collect$$libinit$$00000000) refers (Special) to libinit2.o(.ARM.Collect$$libinit$$00000015) for __rt_lib_init_lc_monetary_1
    libinit.o(.ARM.Collect$$libinit$$00000000) refers (Special) to libinit2.o(.ARM.Collect$$libinit$$00000017) for __rt_lib_init_lc_numeric_1
    libinit.o(.ARM.Collect$$libinit$$00000000) refers (Special) to libinit2.o(.ARM.Collect$$libinit$$00000019) for __rt_lib_init_lc_time_1
    libinit.o(.ARM.Collect$$libinit$$00000000) refers (Special) to libinit2.o(.ARM.Collect$$libinit$$00000004) for __rt_lib_init_preinit_1
    libinit.o(.ARM.Collect$$libinit$$00000000) refers (Special) to libinit2.o(.ARM.Collect$$libinit$$0000000E) for __rt_lib_init_rand_1
    libinit.o(.ARM.Collect$$libinit$$00000000) refers (Special) to libinit2.o(.ARM.Collect$$libinit$$00000033) for __rt_lib_init_return
    libinit.o(.ARM.Collect$$libinit$$00000000) refers (Special) to libinit2.o(.ARM.Collect$$libinit$$0000001D) for __rt_lib_init_signal_1
    libinit.o(.ARM.Collect$$libinit$$00000000) refers (Special) to libinit2.o(.ARM.Collect$$libinit$$00000025) for __rt_lib_init_stdio_1
    libinit.o(.ARM.Collect$$libinit$$00000000) refers (Special) to libinit2.o(.ARM.Collect$$libinit$$0000000C) for __rt_lib_init_user_alloc_1
    libspace.o(.text) refers to libspace.o(.bss) for __libspace_start
    rtexit.o(.ARM.Collect$$rtexit$$00000000) refers (Special) to rtexit2.o(.ARM.Collect$$rtexit$$00000004) for __rt_exit_exit
    rtexit.o(.ARM.Collect$$rtexit$$00000000) refers (Special) to rtexit2.o(.ARM.Collect$$rtexit$$00000003) for __rt_exit_ls
    rtexit.o(.ARM.Collect$$rtexit$$00000000) refers (Special) to rtexit2.o(.ARM.Collect$$rtexit$$00000002) for __rt_exit_prels_1
    rtexit.o(.ARM.exidx) refers (Special) to rtexit2.o(.ARM.Collect$$rtexit$$00000004) for __rt_exit_exit
    rtexit.o(.ARM.exidx) refers (Special) to rtexit2.o(.ARM.Collect$$rtexit$$00000003) for __rt_exit_ls
    rtexit.o(.ARM.exidx) refers (Special) to rtexit2.o(.ARM.Collect$$rtexit$$00000002) for __rt_exit_prels_1
    rtexit.o(.ARM.exidx) refers to rtexit.o(.ARM.Collect$$rtexit$$00000000) for .ARM.Collect$$rtexit$$00000000
    rt_raise.o(.text) refers to __raise.o(.text) for __raise
    rt_raise.o(.text) refers to sys_exit.o(.text) for _sys_exit
    defsig_exit.o(.text) refers to sys_exit.o(.text) for _sys_exit
    defsig_fpe_inner.o(.text) refers to defsig_general.o(.text) for __default_signal_display
    libinit2.o(.ARM.Collect$$libinit$$00000001) refers to fpinit.o(x$fpl$fpinit) for _fp_init
    libinit2.o(.ARM.Collect$$libinit$$00000010) refers to libinit2.o(.ARM.Collect$$libinit$$0000000F) for .ARM.Collect$$libinit$$0000000F
    libinit2.o(.ARM.Collect$$libinit$$00000012) refers to libinit2.o(.ARM.Collect$$libinit$$0000000F) for .ARM.Collect$$libinit$$0000000F
    libinit2.o(.ARM.Collect$$libinit$$00000014) refers to libinit2.o(.ARM.Collect$$libinit$$0000000F) for .ARM.Collect$$libinit$$0000000F
    libinit2.o(.ARM.Collect$$libinit$$00000016) refers to libinit2.o(.ARM.Collect$$libinit$$0000000F) for .ARM.Collect$$libinit$$0000000F
    libinit2.o(.ARM.Collect$$libinit$$00000018) refers to libinit2.o(.ARM.Collect$$libinit$$0000000F) for .ARM.Collect$$libinit$$0000000F
    libinit2.o(.ARM.Collect$$libinit$$00000026) refers to argv_veneer.o(.emb_text) for __ARM_argv_veneer
    libinit2.o(.ARM.Collect$$libinit$$00000027) refers to argv_veneer.o(.emb_text) for __ARM_argv_veneer
    sys_exit.o(.text) refers (Special) to use_no_semi.o(.text) for __I$use$semihosting
    sys_exit.o(.text) refers (Special) to indicate_semi.o(.text) for __semihosting_library_function
    rtexit2.o(.ARM.Collect$$rtexit$$00000003) refers to libshutdown.o(.ARM.Collect$$libshutdown$$00000000) for __rt_lib_shutdown
    rtexit2.o(.ARM.Collect$$rtexit$$00000004) refers to sys_exit.o(.text) for _sys_exit
    rtexit2.o(.ARM.exidx) refers to rtexit2.o(.ARM.Collect$$rtexit$$00000001) for .ARM.Collect$$rtexit$$00000001
    rtexit2.o(.ARM.exidx) refers to rtexit2.o(.ARM.Collect$$rtexit$$00000003) for .ARM.Collect$$rtexit$$00000003
    rtexit2.o(.ARM.exidx) refers to rtexit2.o(.ARM.Collect$$rtexit$$00000004) for .ARM.Collect$$rtexit$$00000004
    __raise.o(.text) refers to __raise.o(i.__ARM_common_call_via_r2) for __ARM_common_call_via_r2
    __raise.o(.text) refers to defsig.o(CL$$defsig) for __default_signal_handler
    defsig_general.o(.text) refers to sys_wrch.o(.text) for _ttywrch
    argv_veneer.o(.emb_text) refers to no_argv.o(.text) for __ARM_get_argv
    sys_wrch.o(.text) refers (Special) to use_no_semi.o(.text) for __I$use$semihosting
    sys_wrch.o(.text) refers (Special) to indicate_semi.o(.text) for __semihosting_library_function
    defsig.o(CL$$defsig) refers to defsig_fpe_inner.o(.text) for __rt_SIGFPE_inner
    defsig.o(CL$$defsig) refers to defsig_rtmem_inner.o(.text) for __rt_SIGRTMEM_inner
    _get_argv_nomalloc.o(.text) refers (Special) to hrguard.o(.text) for __heap_region$guard
    _get_argv_nomalloc.o(.text) refers to defsig_rtmem_outer.o(.text) for __rt_SIGRTMEM
    _get_argv_nomalloc.o(.text) refers to sys_command.o(.text) for _sys_command_string
    libshutdown.o(.ARM.Collect$$libshutdown$$00000000) refers (Special) to libshutdown2.o(.ARM.Collect$$libshutdown$$00000006) for __rt_lib_shutdown_fp_trap_1
    libshutdown.o(.ARM.Collect$$libshutdown$$00000000) refers (Special) to libshutdown2.o(.ARM.Collect$$libshutdown$$0000000E) for __rt_lib_shutdown_heap_1
    libshutdown.o(.ARM.Collect$$libshutdown$$00000000) refers (Special) to libshutdown2.o(.ARM.Collect$$libshutdown$$0000000F) for __rt_lib_shutdown_return
    libshutdown.o(.ARM.Collect$$libshutdown$$00000000) refers (Special) to libshutdown2.o(.ARM.Collect$$libshutdown$$00000009) for __rt_lib_shutdown_signal_1
    libshutdown.o(.ARM.Collect$$libshutdown$$00000000) refers (Special) to libshutdown2.o(.ARM.Collect$$libshutdown$$00000003) for __rt_lib_shutdown_stdio_1
    libshutdown.o(.ARM.Collect$$libshutdown$$00000000) refers (Special) to libshutdown2.o(.ARM.Collect$$libshutdown$$0000000B) for __rt_lib_shutdown_user_alloc_1
    sys_command.o(.text) refers (Special) to use_no_semi.o(.text) for __I$use$semihosting
    sys_command.o(.text) refers (Special) to indicate_semi.o(.text) for __semihosting_library_function
    defsig_abrt_inner.o(.text) refers to defsig_general.o(.text) for __default_signal_display
    defsig_rtred_inner.o(.text) refers to defsig_general.o(.text) for __default_signal_display
    defsig_rtmem_inner.o(.text) refers to defsig_general.o(.text) for __default_signal_display
    defsig_rtmem_outer.o(.text) refers to defsig_rtmem_inner.o(.text) for __rt_SIGRTMEM_inner
    defsig_rtmem_outer.o(.text) refers to defsig_exit.o(.text) for __sig_exit
    defsig_rtmem_formal.o(.text) refers to rt_raise.o(.text) for __rt_raise
    defsig_stak_inner.o(.text) refers to defsig_general.o(.text) for __default_signal_display
    defsig_pvfn_inner.o(.text) refers to defsig_general.o(.text) for __default_signal_display
    defsig_cppl_inner.o(.text) refers to defsig_general.o(.text) for __default_signal_display
    defsig_segv_inner.o(.text) refers to defsig_general.o(.text) for __default_signal_display
    defsig_other.o(.text) refers to defsig_general.o(.text) for __default_signal_display


==============================================================================

Removing Unused input sections from the image.

    Removing main.o(i.ldra_sprintf1), (60 bytes).
    Removing main.o(i.ldra_sprintf3), (64 bytes).
    Removing main.o(i.main_50zqqzqz), (52 bytes).
    Removing main.o(i.main_50zscanf), (116 bytes).
    Removing main.o(i.main_50zzdo17), (584 bytes).
    Removing main.o(i.main_50zzqqzz), (152 bytes).
    Removing main.o(i.main_50zzzqfz), (56 bytes).
    Removing main.o(i.main_50zzzqtz), (52 bytes).
    Removing main.o(i.qqoutput3), (64 bytes).
    Removing main.o(i.swzzqqzz), (196 bytes).
    Removing state_machine.o(i.qqoutput), (60 bytes).
    Removing state_machine.o(i.qqoutput0), (24 bytes).
    Removing state_machine.o(i.qqoutput2), (56 bytes).
    Removing state_machine.o(i.qqoutput3), (64 bytes).
    Removing state_machine.o(i.qqoutput4), (68 bytes).
    Removing state_machine.o(i.state_machine_51zscanf), (116 bytes).
    Removing state_machine.o(i.state_machine_51zzzqfz), (56 bytes).
    Removing state_machine.o(i.state_machine_51zzzqtz), (52 bytes).
    Removing state_machine.o(i.swzzqqzz), (196 bytes).
    Removing led.o(i.LED_52zscanf), (116 bytes).
    Removing led.o(i.LED_52zzqqzz), (160 bytes).
    Removing led.o(i.LED_52zzzqfz), (56 bytes).
    Removing led.o(i.LED_52zzzqtz), (52 bytes).
    Removing led.o(i.LED_Initialize), (32 bytes).
    Removing led.o(i.LED_Off), (32 bytes).
    Removing led.o(i.LED_On), (32 bytes).
    Removing led.o(i.qqoutput), (60 bytes).
    Removing led.o(i.qqoutput0), (24 bytes).
    Removing led.o(i.qqoutput2), (56 bytes).
    Removing led.o(i.qqoutput3), (64 bytes).
    Removing led.o(i.qqoutput4), (68 bytes).
    Removing led.o(i.qqqqinitialise), (192 bytes).
    Removing led.o(i.swzzqqzz), (196 bytes).

33 unused section(s) (total 3228 bytes) removed from the image.

==============================================================================

Memory Map of the image

  Image Entry point : 0x00000000

  Load Region LR_IROM1 (Base: 0x00000000, Size: 0x00001c0c, Max: 0x00040000, ABSOLUTE)

    Execution Region ER_IROM1 (Base: 0x00000000, Size: 0x00001b5c, Max: 0x00040000, ABSOLUTE)

    Base Addr    Size         Type   Attr      Idx    E Section Name        Object

    0x00000000   0x00000110   Code   RO            3    RESET               startup.o
    0x00000110   0x00000008   Code   RO          427  * !!!main             c_t.l(__main.o)
    0x00000118   0x00000002   Code   RO          464    .ARM.Collect$$libinit$$00000000  c_t.l(libinit.o)
    0x0000011a   0x00000000   Code   RO          477    .ARM.Collect$$libinit$$00000002  c_t.l(libinit2.o)
    0x0000011a   0x00000000   Code   RO          479    .ARM.Collect$$libinit$$00000004  c_t.l(libinit2.o)
    0x0000011a   0x00000000   Code   RO          482    .ARM.Collect$$libinit$$0000000A  c_t.l(libinit2.o)
    0x0000011a   0x00000000   Code   RO          484    .ARM.Collect$$libinit$$0000000C  c_t.l(libinit2.o)
    0x0000011a   0x00000000   Code   RO          486    .ARM.Collect$$libinit$$0000000E  c_t.l(libinit2.o)
    0x0000011a   0x00000000   Code   RO          489    .ARM.Collect$$libinit$$00000011  c_t.l(libinit2.o)
    0x0000011a   0x00000000   Code   RO          491    .ARM.Collect$$libinit$$00000013  c_t.l(libinit2.o)
    0x0000011a   0x00000000   Code   RO          493    .ARM.Collect$$libinit$$00000015  c_t.l(libinit2.o)
    0x0000011a   0x00000000   Code   RO          495    .ARM.Collect$$libinit$$00000017  c_t.l(libinit2.o)
    0x0000011a   0x00000000   Code   RO          497    .ARM.Collect$$libinit$$00000019  c_t.l(libinit2.o)
    0x0000011a   0x00000000   Code   RO          499    .ARM.Collect$$libinit$$0000001B  c_t.l(libinit2.o)
    0x0000011a   0x00000000   Code   RO          501    .ARM.Collect$$libinit$$0000001D  c_t.l(libinit2.o)
    0x0000011a   0x00000000   Code   RO          503    .ARM.Collect$$libinit$$0000001F  c_t.l(libinit2.o)
    0x0000011a   0x00000000   Code   RO          505    .ARM.Collect$$libinit$$00000021  c_t.l(libinit2.o)
    0x0000011a   0x00000000   Code   RO          507    .ARM.Collect$$libinit$$00000023  c_t.l(libinit2.o)
    0x0000011a   0x00000000   Code   RO          509    .ARM.Collect$$libinit$$00000025  c_t.l(libinit2.o)
    0x0000011a   0x00000000   Code   RO          513    .ARM.Collect$$libinit$$0000002C  c_t.l(libinit2.o)
    0x0000011a   0x00000000   Code   RO          515    .ARM.Collect$$libinit$$0000002E  c_t.l(libinit2.o)
    0x0000011a   0x00000000   Code   RO          517    .ARM.Collect$$libinit$$00000030  c_t.l(libinit2.o)
    0x0000011a   0x00000000   Code   RO          519    .ARM.Collect$$libinit$$00000032  c_t.l(libinit2.o)
    0x0000011a   0x0000000c   Code   RO          520    .ARM.Collect$$libinit$$00000033  c_t.l(libinit2.o)
    0x00000126   0x00000004   Code   RO          553    .ARM.Collect$$libshutdown$$00000000  c_t.l(libshutdown.o)
    0x0000012a   0x00000000   Code   RO          580    .ARM.Collect$$libshutdown$$00000003  c_t.l(libshutdown2.o)
    0x0000012a   0x00000000   Code   RO          583    .ARM.Collect$$libshutdown$$00000006  c_t.l(libshutdown2.o)
    0x0000012a   0x00000000   Code   RO          586    .ARM.Collect$$libshutdown$$00000009  c_t.l(libshutdown2.o)
    0x0000012a   0x00000000   Code   RO          588    .ARM.Collect$$libshutdown$$0000000B  c_t.l(libshutdown2.o)
    0x0000012a   0x00000000   Code   RO          591    .ARM.Collect$$libshutdown$$0000000E  c_t.l(libshutdown2.o)
    0x0000012a   0x00000006   Code   RO          592    .ARM.Collect$$libshutdown$$0000000F  c_t.l(libshutdown2.o)
    0x00000130   0x00000000   Code   RO          429    .ARM.Collect$$rtentry$$00000000  c_t.l(__rtentry.o)
    0x00000130   0x00000000   Code   RO          435    .ARM.Collect$$rtentry$$00000002  c_t.l(__rtentry2.o)
    0x00000130   0x00000008   Code   RO          447    .ARM.Collect$$rtentry$$00000004  c_t.l(__rtentry4.o)
    0x00000138   0x00000000   Code   RO          437    .ARM.Collect$$rtentry$$00000009  c_t.l(__rtentry2.o)
    0x00000138   0x00000004   Code   RO          438    .ARM.Collect$$rtentry$$0000000A  c_t.l(__rtentry2.o)
    0x0000013c   0x00000000   Code   RO          440    .ARM.Collect$$rtentry$$0000000C  c_t.l(__rtentry2.o)
    0x0000013c   0x00000028   Code   RO          441    .ARM.Collect$$rtentry$$0000000D  c_t.l(__rtentry2.o)
    0x00000164   0x00000004   Code   RO          468    .ARM.Collect$$rtexit$$00000000  c_t.l(rtexit.o)
    0x00000168   0x00000000   Code   RO          524    .ARM.Collect$$rtexit$$00000002  c_t.l(rtexit2.o)
    0x00000168   0x00000004   Code   RO          525    .ARM.Collect$$rtexit$$00000003  c_t.l(rtexit2.o)
    0x0000016c   0x00000008   Code   RO          526    .ARM.Collect$$rtexit$$00000004  c_t.l(rtexit2.o)
    0x00000174   0x00000020   Code   RO            4    .text               startup.o
    0x00000194   0x00000180   Code   RO          409    .text               c_t.l(aeabi_sdiv.o)
    0x00000314   0x00000006   Code   RO          425    .text               c_t.l(heapauxi.o)
    0x0000031a   0x00000002   PAD
    0x0000031c   0x00000060   Code   RO          451    .text               c_t.l(sys_stackheap_outer.o)
    0x0000037c   0x0000000c   Code   RO          453    .text               c_t.l(exit.o)
    0x00000388   0x0000000c   Code   RO          465    .text               c_t.l(libspace.o)
    0x00000394   0x0000000c   Code   RO          521    .text               c_t.l(sys_exit.o)
    0x000003a0   0x00000004   Code   RO          542    .text               c_t.l(use_no_semi.o)
    0x000003a4   0x00000000   Code   RO          544    .text               c_t.l(indicate_semi.o)
    0x000003a4   0x00000078   Code   RO          315    i.LED_52zqendz      led.o
    0x0000041c   0x00000034   Code   RO          316    i.LED_52zqzqzq      led.o
    0x00000450   0x00000038   Code   RO           11    i.ldra_delay        main.o
    0x00000488   0x00000010   Code   RO           12    i.ldra_exit         main.o
    0x00000498   0x00000074   Code   RO           13    i.ldra_int_to_dec   main.o
    0x0000050c   0x00000008   Code   RO           14    i.ldra_port_close   main.o
    0x00000514   0x00000014   Code   RO           15    i.ldra_port_init    main.o
    0x00000528   0x00000010   Code   RO           16    i.ldra_port_is_configured  main.o
    0x00000538   0x00000034   Code   RO           17    i.ldra_port_open    main.o
    0x0000056c   0x00000040   Code   RO           18    i.ldra_port_write   main.o
    0x000005ac   0x00000004   Code   RO           19    i.ldra_send_start_message  main.o
    0x000005b0   0x00000188   Code   RO           20    i.ldra_sprintf      main.o
    0x00000738   0x00000040   Code   RO           22    i.ldra_sprintf2     main.o
    0x00000778   0x00000040   Code   RO           24    i.ldra_sprintf4     main.o
    0x000007b8   0x00000004   Code   RO           25    i.ldra_upload       main.o
    0x000007bc   0x00000014   Code   RO           26    i.main              main.o
    0x000007d0   0x000000f0   Code   RO           27    i.main_50zqendz     main.o
    0x000008c0   0x00000024   Code   RO           29    i.main_50zqzqzq     main.o
    0x000008e4   0x0000049c   Code   RO           33    i.main_50zzzfun     main.o
    0x00000d80   0x0000003c   Code   RO           36    i.qqoutput          main.o
    0x00000dbc   0x00000018   Code   RO           37    i.qqoutput0         main.o
    0x00000dd4   0x00000038   Code   RO           38    i.qqoutput2         main.o
    0x00000e0c   0x00000044   Code   RO           40    i.qqoutput4         main.o
    0x00000e50   0x00000150   Code   RO           41    i.qqqqinitialise    main.o
    0x00000fa0   0x000000c0   Code   RO          232    i.qqqqinitialise    state_machine.o
    0x00001060   0x000000f8   Code   RO           42    i.qqqupload         main.o
    0x00001158   0x00000284   Code   RO           43    i.qqqzzuploadmcdc   main.o
    0x000013dc   0x000000a4   Code   RO          233    i.sm_init           state_machine.o
    0x00001480   0x0000054c   Code   RO          234    i.stateMachine      state_machine.o
    0x000019cc   0x00000078   Code   RO          235    i.state_machine_51zqendz  state_machine.o
    0x00001a44   0x00000034   Code   RO          236    i.state_machine_51zqzqzq  state_machine.o
    0x00001a78   0x000000a0   Code   RO          238    i.state_machine_51zzqqzz  state_machine.o
    0x00001b18   0x00000008   Code   RO           45    i.upload_execution_history  main.o
    0x00001b20   0x0000003c   Code   RO           46    i.zqqzqz1           main.o
    0x00001b5c   0x00000000   Data   RO          593    Region$$Table       anon$$obj.o


    Execution Region RW_IRAM1 (Base: 0x40000000, Size: 0x000012a8, Max: 0x00004000, ABSOLUTE)

    Base Addr    Size         Type   Attr      Idx    E Section Name        Object

    0x40000000   0x0000005c   Data   RW           48    .data               main.o
    0x4000005c   0x00000038   Data   RW          243    .data               state_machine.o
    0x40000094   0x0000001c   Data   RW          331    .data               led.o
    0x400000b0   0x00000cec   Zero   RW           47    .bss                main.o
    0x40000d9c   0x00000024   Zero   RW          242    .bss                state_machine.o
    0x40000dc0   0x00000060   Zero   RW          466    .bss                c_t.l(libspace.o)
    0x40000e20   0x00000000   Zero   RW            2    HEAP                startup.o
    0x40000e20   0x00000488   Zero   RW            1    STACK               startup.o

