<html>
<body>
<pre>
<h1>µVision Build Log</h1>
<h2>Tool Versions:</h2>
IDE-Version: µVision V5.16a
Copyright (C) 2015 ARM Ltd and ARM Germany GmbH. All rights reserved.
License Information: Danilo Graca, INPE, LIC=----
 
Tool Versions:
Toolchain:       MDK-Lite  Version: 5.16a
Toolchain Path:  C:\Keil_v5\ARM\ARMCC_505u2\Bin
C Compiler:      Armcc.exe V5.05 update 2 (build 169)
Assembler:       Armasm.exe V5.05 update 2 (build 169)
Linker/Locator:  ArmLink.exe V5.05 update 2 (build 169)
Library Manager: ArmAr.exe V5.05 update 2 (build 169)
Hex Converter:   FromElf.exe V5.05 update 2 (build 169)
CPU DLL:         SARM.DLL V5.16a
Dialog DLL:      DARMP.DLL V1.51
Target DLL:      Segger\JLTAgdi.dll V1.59.0.0
Dialog DLL:      TARMP.DLL V1.51
 
<h2>Project:</h2>
C:\_WorkSpace\Academic_Code\Keil_Projects\State Machine\sm_keil.uvproj
Project File Date:  04/08/2016

<h2>Output:</h2>
*** Using Compiler 'V5.05 update 2 (build 169)', folder: 'C:\Keil_v5\ARM\ARMCC_505u2\Bin'
Rebuild target 'Target 1'
assembling Startup.s...
compiling main.c...
compiling state_machine.c...
compiling LED.c...
linking...
Program Size: Code=1660 RO-data=32 RW-data=32 ZI-data=1256  
".\LDRA\sm_keil.axf" - 0 Error(s), 0 Warning(s).
Build Time Elapsed:  00:00:01
</pre>
</body>
</html>
