<html>
<body>
<pre>
<h1>µVision Build Log</h1>
<h2>Tool Versions:</h2>
IDE-Version: µVision V5.16a
Copyright (C) 2015 ARM Ltd and ARM Germany GmbH. All rights reserved.
License Information: Danilo Graca, INPE, LIC=----
 
Tool Versions:
Toolchain:       MDK-Lite  Version: 5.16a
Toolchain Path:  C:\Keil_v5\ARM\ARMCC_505u2\Bin
C Compiler:      Armcc.exe V5.05 update 2 (build 169)
Assembler:       Armasm.exe V5.05 update 2 (build 169)
Linker/Locator:  ArmLink.exe V5.05 update 2 (build 169)
Library Manager: ArmAr.exe V5.05 update 2 (build 169)
Hex Converter:   FromElf.exe V5.05 update 2 (build 169)
CPU DLL:         SARM.DLL V5.16a
Dialog DLL:      DARMP.DLL V1.51
Target DLL:      UL2ARM.DLL V1.74.6.0
Dialog DLL:      TARMP.DLL V1.51
 
<h2>Project:</h2>
C:\_WorkSpace\Academic_Code\Keil_Projects\State Machine\sm_keil.uvproj
Project File Date:  04/08/2016

<h2>Output:</h2>
*** Using Compiler 'V5.05 update 2 (build 169)', folder: 'C:\Keil_v5\ARM\ARMCC_505u2\Bin'
Rebuild target 'Target 1'
assembling Startup.s...
compiling main.c...
main.c(635): warning:  #174-D: expression has no effect
      qqzzglobfileid[0] = (0,zzfileid); /* deliberate */                                                                                                                                                                                                              
main.c(868): warning:  #177-D: variable "depth" was declared but never referenced
      int i,depth,dirn,entrycount,marker;                                                                                                                                                                                                                             
main.c(868): warning:  #177-D: variable "dirn" was declared but never referenced
      int i,depth,dirn,entrycount,marker;                                                                                                                                                                                                                             
main.c(1138): warning:  #177-D: variable "i" was declared but never referenced
      int i;                                                                                                                                                                                                                                                          
main.c(577): warning:  #177-D: function "qqoutput3" was declared but never referenced
      static void qqoutput3(FILEPOINT char * s,int i,int j,int k)                                                                                                                                                                                                     
main.c(1324): warning:  #177-D: function "swzzqqzz" was declared but never referenced
    static int swzzqqzz(int qqqi, int onoff)                                                                                                                                                                                                                          
main.c(1195): warning:  #177-D: function "main_50zzzqtz" was declared but never referenced
    static int main_50zzzqtz(int qqqa, int qqqb)                                                                                                                                                                                                                      
main.c(1217): warning:  #177-D: function "main_50zzzqfz" was declared but never referenced
    static int main_50zzzqfz(int qqqa,int qqqb)                                                                                                                                                                                                                       
main.c(1237): warning:  #177-D: function "main_50zzdo17" was declared but never referenced
    static int main_50zzdo17(                                                                                                                                                                                                                                         
main.c(457): warning:  #177-D: variable "qqqqone" was declared but never referenced
      static char qqqqone[]   = "%6d%6d\n";           /* single point */                                                                                                                                                                                              
main.c(500): warning:  #177-D: function "main_50zscanf" was declared but never referenced
    static int main_50zscanf(char * qqscan_str)                                                                                                                                                                                                                       
main.c: 11 warnings, 0 errors
compiling state_machine.c...
state_machine.c(969): warning:  #68-D: integer conversion resulted in a change of sign
      i = -1;                                                                                                                                                                                                                                                         
state_machine.c(977): warning:  #174-D: expression has no effect
      qqzzglobfileid[i] = (0,zzfileid); /* deliberate */                                                                                                                                                                                                              
state_machine.c(49): warning:  #177-D: variable "QQQfirstmcdc" was declared but never referenced
  static int QQQfirstmcdc=1;
state_machine.c(895): warning:  #177-D: function "qqoutput" was declared but never referenced
      static void qqoutput(FILEPOINT char * s,int i)                                                                                                                                                                                                                  
state_machine.c(916): warning:  #177-D: function "qqoutput2" was declared but never referenced
      static void qqoutput2(FILEPOINT char * s,int i, int j)                                                                                                                                                                                                          
state_machine.c(925): warning:  #177-D: function "qqoutput3" was declared but never referenced
      static void qqoutput3(FILEPOINT char * s,int i,int j,int k)                                                                                                                                                                                                     
state_machine.c(934): warning:  #177-D: function "qqoutput4" was declared but never referenced
    static void qqoutput4(FILEPOINT char * s,int i,int j,int k,int l)                                                                                                                                                                                                 
state_machine.c(908): warning:  #177-D: function "qqoutput0" was declared but never referenced
      static void qqoutput0(FILEPOINT char * s)                                                                                                                                                                                                                       
state_machine.c(1131): warning:  #177-D: function "swzzqqzz" was declared but never referenced
    static int swzzqqzz(int qqqi, int onoff)                                                                                                                                                                                                                          
state_machine.c(1063): warning:  #177-D: function "state_machine_51zqzqzq" was declared but never referenced
    static int state_machine_51zqzqzq(int qqqi)                                                                                                                                                                                                                       
state_machine.c(1088): warning:  #177-D: function "state_machine_51zzzqtz" was declared but never referenced
    static int state_machine_51zzzqtz(int qqqa, int qqqb)                                                                                                                                                                                                             
state_machine.c(1110): warning:  #177-D: function "state_machine_51zzzqfz" was declared but never referenced
    static int state_machine_51zzzqfz(int qqqa,int qqqb)                                                                                                                                                                                                              
state_machine.c(828): warning:  #177-D: variable "qqqqone" was declared but never referenced
      static char qqqqone[]   = "%6d%6d\n";           /* single point */                                                                                                                                                                                              
state_machine.c(848): warning:  #177-D: function "state_machine_51zscanf" was declared but never referenced
    static int state_machine_51zscanf(char * qqscan_str)                                                                                                                                                                                                              
state_machine.c: 14 warnings, 0 errors
compiling LED.c...
LED.c(570): warning:  #68-D: integer conversion resulted in a change of sign
      i = -1;                                                                                                                                                                                                                                                         
LED.c(578): warning:  #174-D: expression has no effect
      qqzzglobfileid[i] = (0,zzfileid); /* deliberate */                                                                                                                                                                                                              
LED.c(52): warning:  #177-D: variable "QQQfirstmcdc" was declared but never referenced
  static int QQQfirstmcdc=1;
LED.c(496): warning:  #177-D: function "qqoutput" was declared but never referenced
      static void qqoutput(FILEPOINT char * s,int i)                                                                                                                                                                                                                  
LED.c(517): warning:  #177-D: function "qqoutput2" was declared but never referenced
      static void qqoutput2(FILEPOINT char * s,int i, int j)                                                                                                                                                                                                          
LED.c(526): warning:  #177-D: function "qqoutput3" was declared but never referenced
      static void qqoutput3(FILEPOINT char * s,int i,int j,int k)                                                                                                                                                                                                     
LED.c(535): warning:  #177-D: function "qqoutput4" was declared but never referenced
    static void qqoutput4(FILEPOINT char * s,int i,int j,int k,int l)                                                                                                                                                                                                 
LED.c(509): warning:  #177-D: function "qqoutput0" was declared but never referenced
      static void qqoutput0(FILEPOINT char * s)                                                                                                                                                                                                                       
LED.c(732): warning:  #177-D: function "swzzqqzz" was declared but never referenced
    static int swzzqqzz(int qqqi, int onoff)                                                                                                                                                                                                                          
LED.c(664): warning:  #177-D: function "LED_52zqzqzq" was declared but never referenced
    static int LED_52zqzqzq(int qqqi)                                                                                                                                                                                                                                 
LED.c(689): warning:  #177-D: function "LED_52zzzqtz" was declared but never referenced
    static int LED_52zzzqtz(int qqqa, int qqqb)                                                                                                                                                                                                                       
LED.c(711): warning:  #177-D: function "LED_52zzzqfz" was declared but never referenced
    static int LED_52zzzqfz(int qqqa,int qqqb)                                                                                                                                                                                                                        
LED.c(429): warning:  #177-D: variable "qqqqone" was declared but never referenced
      static char qqqqone[]   = "%6d%6d\n";           /* single point */                                                                                                                                                                                              
LED.c(449): warning:  #177-D: function "LED_52zscanf" was declared but never referenced
    static int LED_52zscanf(char * qqscan_str)                                                                                                                                                                                                                        
LED.c: 14 warnings, 0 errors
linking...
Program Size: Code=7016 RO-data=32 RW-data=148 ZI-data=4604  
".\sm_keil.axf" - 0 Error(s), 39 Warning(s).
Build Time Elapsed:  00:00:01
</pre>
</body>
</html>
