<!doctype html public "-//w3c//dtd html 4.0 transitional//en">
<html><head>
<title>Static Call Graph - [.\sm_keil.axf]</title></head>
<body><HR>
<H1>Static Call Graph for image .\sm_keil.axf</H1><HR>
<BR><P>#&#060CALLGRAPH&#062# ARM Linker, 5050169: Last Updated: Mon Apr 11 17:36:41 2016
<BR><P>
<H3>Maximum Stack Usage =        304 bytes + Unknown(Functions without stacksize, Cycles, Untraceable Function Pointers)</H3><H3>
Call chain for Maximum Stack Depth:</H3>
main &rArr; main_50zqzqzq &rArr; main_50zqendz &rArr; main_50zzzfun &rArr; qqqqinitialise &rArr; upload_execution_history &rArr; qqqupload &rArr; qqqzzuploadmcdc &rArr; qqoutput4 &rArr; ldra_sprintf4 &rArr; ldra_sprintf &rArr; ldra_int_to_dec &rArr; __aeabi_idivmod
<P>
<H3>
Functions with no stack information
</H3><UL>
 <LI><a href="#[3]">Reset_Handler</a>
 <LI><a href="#[1c]">__user_initial_stackheap</a>
 <LI><a href="#[4]">Undef_Handler</a>
 <LI><a href="#[5]">SWI_Handler</a>
 <LI><a href="#[6]">PAbt_Handler</a>
 <LI><a href="#[7]">DAbt_Handler</a>
 <LI><a href="#[8]">IRQ_Handler</a>
 <LI><a href="#[9]">FIQ_Handler</a>
</UL>
</UL>
<P>
<H3>
Mutually Recursive functions
</H3> <LI><a href="#[4]">Undef_Handler</a>&nbsp;&nbsp;&nbsp;&rArr;&nbsp;&nbsp;&nbsp;<a href="#[4]">Undef_Handler</a><BR>
 <LI><a href="#[5]">SWI_Handler</a>&nbsp;&nbsp;&nbsp;&rArr;&nbsp;&nbsp;&nbsp;<a href="#[5]">SWI_Handler</a><BR>
 <LI><a href="#[6]">PAbt_Handler</a>&nbsp;&nbsp;&nbsp;&rArr;&nbsp;&nbsp;&nbsp;<a href="#[6]">PAbt_Handler</a><BR>
 <LI><a href="#[7]">DAbt_Handler</a>&nbsp;&nbsp;&nbsp;&rArr;&nbsp;&nbsp;&nbsp;<a href="#[7]">DAbt_Handler</a><BR>
 <LI><a href="#[8]">IRQ_Handler</a>&nbsp;&nbsp;&nbsp;&rArr;&nbsp;&nbsp;&nbsp;<a href="#[8]">IRQ_Handler</a><BR>
 <LI><a href="#[9]">FIQ_Handler</a>&nbsp;&nbsp;&nbsp;&rArr;&nbsp;&nbsp;&nbsp;<a href="#[9]">FIQ_Handler</a><BR>
</UL>
<P>
<H3>
Function Pointers
</H3><UL>
 <LI><a href="#[7]">DAbt_Handler</a> from startup.o(RESET) referenced from startup.o(RESET)
 <LI><a href="#[9]">FIQ_Handler</a> from startup.o(RESET) referenced from startup.o(RESET)
 <LI><a href="#[8]">IRQ_Handler</a> from startup.o(RESET) referenced from startup.o(RESET)
 <LI><a href="#[6]">PAbt_Handler</a> from startup.o(RESET) referenced from startup.o(RESET)
 <LI><a href="#[3]">Reset_Handler</a> from startup.o(RESET) referenced from startup.o(RESET)
 <LI><a href="#[5]">SWI_Handler</a> from startup.o(RESET) referenced from startup.o(RESET)
 <LI><a href="#[4]">Undef_Handler</a> from startup.o(RESET) referenced from startup.o(RESET)
 <LI><a href="#[c]">__main</a> from __main.o(!!!main) referenced from startup.o(RESET)
 <LI><a href="#[b]">main</a> from main.o(i.main) referenced from __rtentry2.o(.ARM.Collect$$rtentry$$0000000D)
</UL>
<P>
<H3>
Global Symbols
</H3>
<P><STRONG><a name="[3]"></a>Reset_Handler</STRONG> (ARM, 0 bytes, Stack size unknown bytes, startup.o(RESET))
<BR>[Address Reference Count : 1]<UL><LI> startup.o(RESET)
</UL>
<P><STRONG><a name="[c]"></a>__main</STRONG> (ARM, 8 bytes, Stack size 0 bytes, __main.o(!!!main))
<BR><BR>[Calls]<UL><LI><a href="#[e]">&gt;&gt;</a>&nbsp;&nbsp;&nbsp;__rt_entry
<LI><a href="#[d]">&gt;&gt;</a>&nbsp;&nbsp;&nbsp;__scatterload
</UL>

<P><STRONG><a name="[d]"></a>__scatterload</STRONG> (ARM, 0 bytes, Stack size unknown bytes, __scatter.o(!!!scatter))
<BR><BR>[Called By]<UL><LI><a href="#[c]">&gt;&gt;</a>&nbsp;&nbsp;&nbsp;__main
</UL>

<P><STRONG><a name="[f]"></a>__scatterload_rt2</STRONG> (ARM, 52 bytes, Stack size unknown bytes, __scatter.o(!!!scatter), UNUSED)
<BR><BR>[Calls]<UL><LI><a href="#[e]">&gt;&gt;</a>&nbsp;&nbsp;&nbsp;__rt_entry
</UL>

<P><STRONG><a name="[3c]"></a>__scatterload_null</STRONG> (ARM, 0 bytes, Stack size unknown bytes, __scatter.o(!!!scatter), UNUSED)

<P><STRONG><a name="[10]"></a>__scatterload_copy</STRONG> (ARM, 40 bytes, Stack size unknown bytes, __scatter_copy.o(!!handler_copy), UNUSED)
<BR><BR>[Calls]<UL><LI><a href="#[10]">&gt;&gt;</a>&nbsp;&nbsp;&nbsp;__scatterload_copy
</UL>
<BR>[Called By]<UL><LI><a href="#[10]">&gt;&gt;</a>&nbsp;&nbsp;&nbsp;__scatterload_copy
</UL>

<P><STRONG><a name="[3d]"></a>__scatterload_zeroinit</STRONG> (ARM, 44 bytes, Stack size unknown bytes, __scatter_zi.o(!!handler_zi), UNUSED)

<P><STRONG><a name="[14]"></a>__rt_lib_init</STRONG> (Thumb, 0 bytes, Stack size unknown bytes, libinit.o(.ARM.Collect$$libinit$$00000000))
<BR><BR>[Called By]<UL><LI><a href="#[13]">&gt;&gt;</a>&nbsp;&nbsp;&nbsp;__rt_entry_li (via Veneer)
</UL>

<P><STRONG><a name="[3e]"></a>__rt_lib_init_alloca_1</STRONG> (Thumb, 0 bytes, Stack size unknown bytes, libinit2.o(.ARM.Collect$$libinit$$0000002E))

<P><STRONG><a name="[3f]"></a>__rt_lib_init_argv_1</STRONG> (Thumb, 0 bytes, Stack size unknown bytes, libinit2.o(.ARM.Collect$$libinit$$0000002C))

<P><STRONG><a name="[40]"></a>__rt_lib_init_atexit_1</STRONG> (Thumb, 0 bytes, Stack size unknown bytes, libinit2.o(.ARM.Collect$$libinit$$0000001B))

<P><STRONG><a name="[41]"></a>__rt_lib_init_clock_1</STRONG> (Thumb, 0 bytes, Stack size unknown bytes, libinit2.o(.ARM.Collect$$libinit$$00000021))

<P><STRONG><a name="[42]"></a>__rt_lib_init_cpp_1</STRONG> (Thumb, 0 bytes, Stack size unknown bytes, libinit2.o(.ARM.Collect$$libinit$$00000032))

<P><STRONG><a name="[43]"></a>__rt_lib_init_exceptions_1</STRONG> (Thumb, 0 bytes, Stack size unknown bytes, libinit2.o(.ARM.Collect$$libinit$$00000030))

<P><STRONG><a name="[44]"></a>__rt_lib_init_fp_1</STRONG> (Thumb, 0 bytes, Stack size unknown bytes, libinit2.o(.ARM.Collect$$libinit$$00000002))

<P><STRONG><a name="[45]"></a>__rt_lib_init_fp_trap_1</STRONG> (Thumb, 0 bytes, Stack size unknown bytes, libinit2.o(.ARM.Collect$$libinit$$0000001F))

<P><STRONG><a name="[46]"></a>__rt_lib_init_getenv_1</STRONG> (Thumb, 0 bytes, Stack size unknown bytes, libinit2.o(.ARM.Collect$$libinit$$00000023))

<P><STRONG><a name="[47]"></a>__rt_lib_init_heap_1</STRONG> (Thumb, 0 bytes, Stack size unknown bytes, libinit2.o(.ARM.Collect$$libinit$$0000000A))

<P><STRONG><a name="[48]"></a>__rt_lib_init_lc_collate_1</STRONG> (Thumb, 0 bytes, Stack size unknown bytes, libinit2.o(.ARM.Collect$$libinit$$00000011))

<P><STRONG><a name="[49]"></a>__rt_lib_init_lc_ctype_1</STRONG> (Thumb, 0 bytes, Stack size unknown bytes, libinit2.o(.ARM.Collect$$libinit$$00000013))

<P><STRONG><a name="[4a]"></a>__rt_lib_init_lc_monetary_1</STRONG> (Thumb, 0 bytes, Stack size unknown bytes, libinit2.o(.ARM.Collect$$libinit$$00000015))

<P><STRONG><a name="[4b]"></a>__rt_lib_init_lc_numeric_1</STRONG> (Thumb, 0 bytes, Stack size unknown bytes, libinit2.o(.ARM.Collect$$libinit$$00000017))

<P><STRONG><a name="[4c]"></a>__rt_lib_init_lc_time_1</STRONG> (Thumb, 0 bytes, Stack size unknown bytes, libinit2.o(.ARM.Collect$$libinit$$00000019))

<P><STRONG><a name="[4d]"></a>__rt_lib_init_preinit_1</STRONG> (Thumb, 0 bytes, Stack size unknown bytes, libinit2.o(.ARM.Collect$$libinit$$00000004))

<P><STRONG><a name="[4e]"></a>__rt_lib_init_rand_1</STRONG> (Thumb, 0 bytes, Stack size unknown bytes, libinit2.o(.ARM.Collect$$libinit$$0000000E))

<P><STRONG><a name="[4f]"></a>__rt_lib_init_return</STRONG> (Thumb, 0 bytes, Stack size unknown bytes, libinit2.o(.ARM.Collect$$libinit$$00000033))

<P><STRONG><a name="[50]"></a>__rt_lib_init_signal_1</STRONG> (Thumb, 0 bytes, Stack size unknown bytes, libinit2.o(.ARM.Collect$$libinit$$0000001D))

<P><STRONG><a name="[51]"></a>__rt_lib_init_stdio_1</STRONG> (Thumb, 0 bytes, Stack size unknown bytes, libinit2.o(.ARM.Collect$$libinit$$00000025))

<P><STRONG><a name="[52]"></a>__rt_lib_init_user_alloc_1</STRONG> (Thumb, 0 bytes, Stack size unknown bytes, libinit2.o(.ARM.Collect$$libinit$$0000000C))

<P><STRONG><a name="[18]"></a>__rt_lib_shutdown</STRONG> (Thumb, 0 bytes, Stack size unknown bytes, libshutdown.o(.ARM.Collect$$libshutdown$$00000000))
<BR><BR>[Called By]<UL><LI><a href="#[17]">&gt;&gt;</a>&nbsp;&nbsp;&nbsp;__rt_exit_ls (via Veneer)
</UL>

<P><STRONG><a name="[53]"></a>__rt_lib_shutdown_fp_trap_1</STRONG> (Thumb, 0 bytes, Stack size unknown bytes, libshutdown2.o(.ARM.Collect$$libshutdown$$00000006))

<P><STRONG><a name="[54]"></a>__rt_lib_shutdown_heap_1</STRONG> (Thumb, 0 bytes, Stack size unknown bytes, libshutdown2.o(.ARM.Collect$$libshutdown$$0000000E))

<P><STRONG><a name="[55]"></a>__rt_lib_shutdown_return</STRONG> (Thumb, 0 bytes, Stack size unknown bytes, libshutdown2.o(.ARM.Collect$$libshutdown$$0000000F))

<P><STRONG><a name="[56]"></a>__rt_lib_shutdown_signal_1</STRONG> (Thumb, 0 bytes, Stack size unknown bytes, libshutdown2.o(.ARM.Collect$$libshutdown$$00000009))

<P><STRONG><a name="[57]"></a>__rt_lib_shutdown_stdio_1</STRONG> (Thumb, 0 bytes, Stack size unknown bytes, libshutdown2.o(.ARM.Collect$$libshutdown$$00000003))

<P><STRONG><a name="[58]"></a>__rt_lib_shutdown_user_alloc_1</STRONG> (Thumb, 0 bytes, Stack size unknown bytes, libshutdown2.o(.ARM.Collect$$libshutdown$$0000000B))

<P><STRONG><a name="[e]"></a>__rt_entry</STRONG> (ARM, 0 bytes, Stack size unknown bytes, __rtentry.o(.ARM.Collect$$rtentry$$00000000))
<BR><BR>[Called By]<UL><LI><a href="#[c]">&gt;&gt;</a>&nbsp;&nbsp;&nbsp;__main
<LI><a href="#[f]">&gt;&gt;</a>&nbsp;&nbsp;&nbsp;__scatterload_rt2
</UL>

<P><STRONG><a name="[59]"></a>__rt_entry_presh_1</STRONG> (ARM, 0 bytes, Stack size unknown bytes, __rtentry2.o(.ARM.Collect$$rtentry$$00000002))

<P><STRONG><a name="[11]"></a>__rt_entry_sh</STRONG> (ARM, 0 bytes, Stack size unknown bytes, __rtentry4.o(.ARM.Collect$$rtentry$$00000004))
<BR><BR>[Stack]<UL><LI>Max Depth = 8 + Unknown Stack Size
<LI>Call Chain = __rt_entry_sh &rArr; __user_setup_stackheap
</UL>
<BR>[Calls]<UL><LI><a href="#[12]">&gt;&gt;</a>&nbsp;&nbsp;&nbsp;__user_setup_stackheap
</UL>

<P><STRONG><a name="[13]"></a>__rt_entry_li</STRONG> (ARM, 0 bytes, Stack size unknown bytes, __rtentry2.o(.ARM.Collect$$rtentry$$0000000A))
<BR><BR>[Calls]<UL><LI><a href="#[14]">&gt;&gt;</a>&nbsp;&nbsp;&nbsp;__rt_lib_init (via Veneer)
</UL>

<P><STRONG><a name="[5a]"></a>__rt_entry_postsh_1</STRONG> (ARM, 0 bytes, Stack size unknown bytes, __rtentry2.o(.ARM.Collect$$rtentry$$00000009))

<P><STRONG><a name="[15]"></a>__rt_entry_main</STRONG> (ARM, 0 bytes, Stack size unknown bytes, __rtentry2.o(.ARM.Collect$$rtentry$$0000000D))
<BR><BR>[Calls]<UL><LI><a href="#[16]">&gt;&gt;</a>&nbsp;&nbsp;&nbsp;exit (via BX)
</UL>

<P><STRONG><a name="[5b]"></a>__rt_entry_postli_1</STRONG> (ARM, 0 bytes, Stack size unknown bytes, __rtentry2.o(.ARM.Collect$$rtentry$$0000000C))

<P><STRONG><a name="[1e]"></a>__rt_exit</STRONG> (ARM, 0 bytes, Stack size unknown bytes, rtexit.o(.ARM.Collect$$rtexit$$00000000))
<BR><BR>[Called By]<UL><LI><a href="#[16]">&gt;&gt;</a>&nbsp;&nbsp;&nbsp;exit (via Veneer)
</UL>

<P><STRONG><a name="[17]"></a>__rt_exit_ls</STRONG> (ARM, 0 bytes, Stack size unknown bytes, rtexit2.o(.ARM.Collect$$rtexit$$00000003))
<BR><BR>[Calls]<UL><LI><a href="#[18]">&gt;&gt;</a>&nbsp;&nbsp;&nbsp;__rt_lib_shutdown (via Veneer)
</UL>

<P><STRONG><a name="[5c]"></a>__rt_exit_prels_1</STRONG> (ARM, 0 bytes, Stack size unknown bytes, rtexit2.o(.ARM.Collect$$rtexit$$00000002))

<P><STRONG><a name="[19]"></a>__rt_exit_exit</STRONG> (ARM, 0 bytes, Stack size unknown bytes, rtexit2.o(.ARM.Collect$$rtexit$$00000004))
<BR><BR>[Calls]<UL><LI><a href="#[1a]">&gt;&gt;</a>&nbsp;&nbsp;&nbsp;_sys_exit (via Veneer)
</UL>

<P><STRONG><a name="[1c]"></a>__user_initial_stackheap</STRONG> (ARM, 0 bytes, Stack size unknown bytes, startup.o(.text))
<BR><BR>[Called By]<UL><LI><a href="#[12]">&gt;&gt;</a>&nbsp;&nbsp;&nbsp;__user_setup_stackheap
</UL>

<P><STRONG><a name="[5d]"></a>__aeabi_idiv</STRONG> (ARM, 0 bytes, Stack size 8 bytes, aeabi_sdiv.o(.text), UNUSED)

<P><STRONG><a name="[24]"></a>__aeabi_idivmod</STRONG> (ARM, 384 bytes, Stack size 8 bytes, aeabi_sdiv.o(.text))
<BR><BR>[Stack]<UL><LI>Max Depth = 8<LI>Call Chain = __aeabi_idivmod
</UL>
<BR>[Called By]<UL><LI><a href="#[23]">&gt;&gt;</a>&nbsp;&nbsp;&nbsp;ldra_int_to_dec
</UL>

<P><STRONG><a name="[5e]"></a>__use_two_region_memory</STRONG> (Thumb, 2 bytes, Stack size 0 bytes, heapauxi.o(.text), UNUSED)

<P><STRONG><a name="[5f]"></a>__rt_heap_escrow$2region</STRONG> (Thumb, 2 bytes, Stack size 0 bytes, heapauxi.o(.text), UNUSED)

<P><STRONG><a name="[60]"></a>__rt_heap_expand$2region</STRONG> (Thumb, 2 bytes, Stack size 0 bytes, heapauxi.o(.text), UNUSED)

<P><STRONG><a name="[12]"></a>__user_setup_stackheap</STRONG> (ARM, 96 bytes, Stack size 8 bytes, sys_stackheap_outer.o(.text))
<BR><BR>[Stack]<UL><LI>Max Depth = 8 + Unknown Stack Size
<LI>Call Chain = __user_setup_stackheap
</UL>
<BR>[Calls]<UL><LI><a href="#[1b]">&gt;&gt;</a>&nbsp;&nbsp;&nbsp;__user_perproc_libspace
<LI><a href="#[1c]">&gt;&gt;</a>&nbsp;&nbsp;&nbsp;__user_initial_stackheap
</UL>
<BR>[Called By]<UL><LI><a href="#[11]">&gt;&gt;</a>&nbsp;&nbsp;&nbsp;__rt_entry_sh
</UL>

<P><STRONG><a name="[16]"></a>exit</STRONG> (Thumb, 12 bytes, Stack size 0 bytes, exit.o(.text))
<BR><BR>[Calls]<UL><LI><a href="#[1e]">&gt;&gt;</a>&nbsp;&nbsp;&nbsp;__rt_exit (via Veneer)
<LI><a href="#[1d]">&gt;&gt;</a>&nbsp;&nbsp;&nbsp;_call_atexit_fns (Weak Reference)
</UL>
<BR>[Called By]<UL><LI><a href="#[15]">&gt;&gt;</a>&nbsp;&nbsp;&nbsp;__rt_entry_main
</UL>

<P><STRONG><a name="[61]"></a>__user_libspace</STRONG> (ARM, 12 bytes, Stack size 0 bytes, libspace.o(.text), UNUSED)

<P><STRONG><a name="[1b]"></a>__user_perproc_libspace</STRONG> (ARM, 0 bytes, Stack size 0 bytes, libspace.o(.text))
<BR><BR>[Called By]<UL><LI><a href="#[12]">&gt;&gt;</a>&nbsp;&nbsp;&nbsp;__user_setup_stackheap
</UL>

<P><STRONG><a name="[62]"></a>__user_perthread_libspace</STRONG> (ARM, 0 bytes, Stack size 0 bytes, libspace.o(.text), UNUSED)

<P><STRONG><a name="[1a]"></a>_sys_exit</STRONG> (Thumb, 8 bytes, Stack size 0 bytes, sys_exit.o(.text))
<BR><BR>[Called By]<UL><LI><a href="#[19]">&gt;&gt;</a>&nbsp;&nbsp;&nbsp;__rt_exit_exit (via Veneer)
</UL>

<P><STRONG><a name="[63]"></a>__I$use$semihosting</STRONG> (ARM, 0 bytes, Stack size 0 bytes, use_no_semi.o(.text), UNUSED)

<P><STRONG><a name="[64]"></a>__use_no_semihosting_swi</STRONG> (ARM, 4 bytes, Stack size 0 bytes, use_no_semi.o(.text), UNUSED)

<P><STRONG><a name="[65]"></a>__semihosting_library_function</STRONG> (ARM, 0 bytes, Stack size 4 bytes, indicate_semi.o(.text), UNUSED)

<P><STRONG><a name="[1f]"></a>ldra_close</STRONG> (ARM, 28 bytes, Stack size 4 bytes, main.o(i.ldra_close))
<BR><BR>[Stack]<UL><LI>Max Depth = 8<LI>Call Chain = ldra_close &rArr; ldra_exit
</UL>
<BR>[Calls]<UL><LI><a href="#[20]">&gt;&gt;</a>&nbsp;&nbsp;&nbsp;ldra_port_is_configured
<LI><a href="#[21]">&gt;&gt;</a>&nbsp;&nbsp;&nbsp;ldra_exit
</UL>
<BR>[Called By]<UL><LI><a href="#[37]">&gt;&gt;</a>&nbsp;&nbsp;&nbsp;upload_execution_history
<LI><a href="#[25]">&gt;&gt;</a>&nbsp;&nbsp;&nbsp;ldra_open
<LI><a href="#[2f]">&gt;&gt;</a>&nbsp;&nbsp;&nbsp;main_50zqendz
</UL>

<P><STRONG><a name="[21]"></a>ldra_exit</STRONG> (ARM, 36 bytes, Stack size 4 bytes, main.o(i.ldra_exit))
<BR><BR>[Stack]<UL><LI>Max Depth = 4<LI>Call Chain = ldra_exit
</UL>
<BR>[Calls]<UL><LI><a href="#[20]">&gt;&gt;</a>&nbsp;&nbsp;&nbsp;ldra_port_is_configured
</UL>
<BR>[Called By]<UL><LI><a href="#[1f]">&gt;&gt;</a>&nbsp;&nbsp;&nbsp;ldra_close
</UL>

<P><STRONG><a name="[25]"></a>ldra_open</STRONG> (ARM, 64 bytes, Stack size 4 bytes, main.o(i.ldra_open))
<BR><BR>[Stack]<UL><LI>Max Depth = 12<LI>Call Chain = ldra_open &rArr; ldra_close &rArr; ldra_exit
</UL>
<BR>[Calls]<UL><LI><a href="#[20]">&gt;&gt;</a>&nbsp;&nbsp;&nbsp;ldra_port_is_configured
<LI><a href="#[26]">&gt;&gt;</a>&nbsp;&nbsp;&nbsp;ldra_port_init
<LI><a href="#[1f]">&gt;&gt;</a>&nbsp;&nbsp;&nbsp;ldra_close
</UL>
<BR>[Called By]<UL><LI><a href="#[2b]">&gt;&gt;</a>&nbsp;&nbsp;&nbsp;zqqzqz1
</UL>

<P><STRONG><a name="[26]"></a>ldra_port_init</STRONG> (ARM, 16 bytes, Stack size 0 bytes, main.o(i.ldra_port_init))
<BR><BR>[Called By]<UL><LI><a href="#[25]">&gt;&gt;</a>&nbsp;&nbsp;&nbsp;ldra_open
</UL>

<P><STRONG><a name="[20]"></a>ldra_port_is_configured</STRONG> (ARM, 12 bytes, Stack size 0 bytes, main.o(i.ldra_port_is_configured))
<BR><BR>[Called By]<UL><LI><a href="#[25]">&gt;&gt;</a>&nbsp;&nbsp;&nbsp;ldra_open
<LI><a href="#[21]">&gt;&gt;</a>&nbsp;&nbsp;&nbsp;ldra_exit
<LI><a href="#[1f]">&gt;&gt;</a>&nbsp;&nbsp;&nbsp;ldra_close
<LI><a href="#[22]">&gt;&gt;</a>&nbsp;&nbsp;&nbsp;ldra_delay
</UL>

<P><STRONG><a name="[27]"></a>ldra_port_write</STRONG> (ARM, 52 bytes, Stack size 8 bytes, main.o(i.ldra_port_write))
<BR><BR>[Stack]<UL><LI>Max Depth = 12<LI>Call Chain = ldra_port_write &rArr; ldra_delay
</UL>
<BR>[Calls]<UL><LI><a href="#[22]">&gt;&gt;</a>&nbsp;&nbsp;&nbsp;ldra_delay
</UL>
<BR>[Called By]<UL><LI><a href="#[36]">&gt;&gt;</a>&nbsp;&nbsp;&nbsp;qqoutput4
<LI><a href="#[35]">&gt;&gt;</a>&nbsp;&nbsp;&nbsp;qqoutput2
<LI><a href="#[34]">&gt;&gt;</a>&nbsp;&nbsp;&nbsp;qqoutput0
<LI><a href="#[33]">&gt;&gt;</a>&nbsp;&nbsp;&nbsp;qqoutput
</UL>

<P><STRONG><a name="[29]"></a>ldra_sprintf2</STRONG> (ARM, 64 bytes, Stack size 32 bytes, main.o(i.ldra_sprintf2))
<BR><BR>[Stack]<UL><LI>Max Depth = 112<LI>Call Chain = ldra_sprintf2 &rArr; ldra_sprintf &rArr; ldra_int_to_dec &rArr; __aeabi_idivmod
</UL>
<BR>[Calls]<UL><LI><a href="#[28]">&gt;&gt;</a>&nbsp;&nbsp;&nbsp;ldra_sprintf
</UL>
<BR>[Called By]<UL><LI><a href="#[35]">&gt;&gt;</a>&nbsp;&nbsp;&nbsp;qqoutput2
<LI><a href="#[33]">&gt;&gt;</a>&nbsp;&nbsp;&nbsp;qqoutput
</UL>

<P><STRONG><a name="[2a]"></a>ldra_sprintf4</STRONG> (ARM, 64 bytes, Stack size 40 bytes, main.o(i.ldra_sprintf4))
<BR><BR>[Stack]<UL><LI>Max Depth = 120<LI>Call Chain = ldra_sprintf4 &rArr; ldra_sprintf &rArr; ldra_int_to_dec &rArr; __aeabi_idivmod
</UL>
<BR>[Calls]<UL><LI><a href="#[28]">&gt;&gt;</a>&nbsp;&nbsp;&nbsp;ldra_sprintf
</UL>
<BR>[Called By]<UL><LI><a href="#[36]">&gt;&gt;</a>&nbsp;&nbsp;&nbsp;qqoutput4
</UL>

<P><STRONG><a name="[b]"></a>main</STRONG> (ARM, 40 bytes, Stack size 8 bytes, main.o(i.main))
<BR><BR>[Stack]<UL><LI>Max Depth = 304<LI>Call Chain = main &rArr; main_50zqzqzq &rArr; main_50zqendz &rArr; main_50zzzfun &rArr; qqqqinitialise &rArr; upload_execution_history &rArr; qqqupload &rArr; qqqzzuploadmcdc &rArr; qqoutput4 &rArr; ldra_sprintf4 &rArr; ldra_sprintf &rArr; ldra_int_to_dec &rArr; __aeabi_idivmod
</UL>
<BR>[Calls]<UL><LI><a href="#[2d]">&gt;&gt;</a>&nbsp;&nbsp;&nbsp;stateMachine
<LI><a href="#[2c]">&gt;&gt;</a>&nbsp;&nbsp;&nbsp;sm_init
<LI><a href="#[2b]">&gt;&gt;</a>&nbsp;&nbsp;&nbsp;zqqzqz1
<LI><a href="#[2e]">&gt;&gt;</a>&nbsp;&nbsp;&nbsp;main_50zqzqzq
</UL>
<BR>[Address Reference Count : 1]<UL><LI> __rtentry2.o(.ARM.Collect$$rtentry$$0000000D)
</UL>
<P><STRONG><a name="[30]"></a>main_50zzzfun</STRONG> (ARM, 1140 bytes, Stack size 16 bytes, main.o(i.main_50zzzfun))
<BR><BR>[Stack]<UL><LI>Max Depth = 280<LI>Call Chain = main_50zzzfun &rArr; qqqqinitialise &rArr; upload_execution_history &rArr; qqqupload &rArr; qqqzzuploadmcdc &rArr; qqoutput4 &rArr; ldra_sprintf4 &rArr; ldra_sprintf &rArr; ldra_int_to_dec &rArr; __aeabi_idivmod
</UL>
<BR>[Calls]<UL><LI><a href="#[32]">&gt;&gt;</a>&nbsp;&nbsp;&nbsp;qqqqinitialise
</UL>
<BR>[Called By]<UL><LI><a href="#[2f]">&gt;&gt;</a>&nbsp;&nbsp;&nbsp;main_50zqendz
</UL>

<P><STRONG><a name="[31]"></a>qqqupload</STRONG> (ARM, 220 bytes, Stack size 24 bytes, main.o(i.qqqupload))
<BR><BR>[Stack]<UL><LI>Max Depth = 240<LI>Call Chain = qqqupload &rArr; qqqzzuploadmcdc &rArr; qqoutput4 &rArr; ldra_sprintf4 &rArr; ldra_sprintf &rArr; ldra_int_to_dec &rArr; __aeabi_idivmod
</UL>
<BR>[Calls]<UL><LI><a href="#[39]">&gt;&gt;</a>&nbsp;&nbsp;&nbsp;qqqzzuploadmcdc
<LI><a href="#[35]">&gt;&gt;</a>&nbsp;&nbsp;&nbsp;qqoutput2
</UL>
<BR>[Called By]<UL><LI><a href="#[38]">&gt;&gt;</a>&nbsp;&nbsp;&nbsp;qqqqinitialise
<LI><a href="#[37]">&gt;&gt;</a>&nbsp;&nbsp;&nbsp;upload_execution_history
<LI><a href="#[32]">&gt;&gt;</a>&nbsp;&nbsp;&nbsp;qqqqinitialise
<LI><a href="#[2f]">&gt;&gt;</a>&nbsp;&nbsp;&nbsp;main_50zqendz
</UL>

<P><STRONG><a name="[39]"></a>qqqzzuploadmcdc</STRONG> (ARM, 644 bytes, Stack size 64 bytes, main.o(i.qqqzzuploadmcdc))
<BR><BR>[Stack]<UL><LI>Max Depth = 216<LI>Call Chain = qqqzzuploadmcdc &rArr; qqoutput4 &rArr; ldra_sprintf4 &rArr; ldra_sprintf &rArr; ldra_int_to_dec &rArr; __aeabi_idivmod
</UL>
<BR>[Calls]<UL><LI><a href="#[36]">&gt;&gt;</a>&nbsp;&nbsp;&nbsp;qqoutput4
<LI><a href="#[35]">&gt;&gt;</a>&nbsp;&nbsp;&nbsp;qqoutput2
<LI><a href="#[34]">&gt;&gt;</a>&nbsp;&nbsp;&nbsp;qqoutput0
<LI><a href="#[33]">&gt;&gt;</a>&nbsp;&nbsp;&nbsp;qqoutput
</UL>
<BR>[Called By]<UL><LI><a href="#[31]">&gt;&gt;</a>&nbsp;&nbsp;&nbsp;qqqupload
</UL>

<P><STRONG><a name="[2c]"></a>sm_init</STRONG> (ARM, 124 bytes, Stack size 8 bytes, state_machine.o(i.sm_init))
<BR><BR>[Stack]<UL><LI>Max Depth = 288<LI>Call Chain = sm_init &rArr; state_machine_51zzqqzz &rArr; zqqzqz1 &rArr; qqqqinitialise &rArr; upload_execution_history &rArr; qqqupload &rArr; qqqzzuploadmcdc &rArr; qqoutput4 &rArr; ldra_sprintf4 &rArr; ldra_sprintf &rArr; ldra_int_to_dec &rArr; __aeabi_idivmod
</UL>
<BR>[Calls]<UL><LI><a href="#[3a]">&gt;&gt;</a>&nbsp;&nbsp;&nbsp;state_machine_51zzqqzz
<LI><a href="#[3b]">&gt;&gt;</a>&nbsp;&nbsp;&nbsp;state_machine_51zqendz
</UL>
<BR>[Called By]<UL><LI><a href="#[b]">&gt;&gt;</a>&nbsp;&nbsp;&nbsp;main
</UL>

<P><STRONG><a name="[2d]"></a>stateMachine</STRONG> (ARM, 1316 bytes, Stack size 8 bytes, state_machine.o(i.stateMachine))
<BR><BR>[Stack]<UL><LI>Max Depth = 288<LI>Call Chain = stateMachine &rArr; state_machine_51zzqqzz &rArr; zqqzqz1 &rArr; qqqqinitialise &rArr; upload_execution_history &rArr; qqqupload &rArr; qqqzzuploadmcdc &rArr; qqoutput4 &rArr; ldra_sprintf4 &rArr; ldra_sprintf &rArr; ldra_int_to_dec &rArr; __aeabi_idivmod
</UL>
<BR>[Calls]<UL><LI><a href="#[3a]">&gt;&gt;</a>&nbsp;&nbsp;&nbsp;state_machine_51zzqqzz
<LI><a href="#[3b]">&gt;&gt;</a>&nbsp;&nbsp;&nbsp;state_machine_51zqendz
</UL>
<BR>[Called By]<UL><LI><a href="#[b]">&gt;&gt;</a>&nbsp;&nbsp;&nbsp;main
</UL>

<P><STRONG><a name="[37]"></a>upload_execution_history</STRONG> (ARM, 20 bytes, Stack size 8 bytes, main.o(i.upload_execution_history))
<BR><BR>[Stack]<UL><LI>Max Depth = 248<LI>Call Chain = upload_execution_history &rArr; qqqupload &rArr; qqqzzuploadmcdc &rArr; qqoutput4 &rArr; ldra_sprintf4 &rArr; ldra_sprintf &rArr; ldra_int_to_dec &rArr; __aeabi_idivmod
</UL>
<BR>[Calls]<UL><LI><a href="#[31]">&gt;&gt;</a>&nbsp;&nbsp;&nbsp;qqqupload
<LI><a href="#[1f]">&gt;&gt;</a>&nbsp;&nbsp;&nbsp;ldra_close
</UL>
<BR>[Called By]<UL><LI><a href="#[38]">&gt;&gt;</a>&nbsp;&nbsp;&nbsp;qqqqinitialise
<LI><a href="#[32]">&gt;&gt;</a>&nbsp;&nbsp;&nbsp;qqqqinitialise
</UL>

<P><STRONG><a name="[2b]"></a>zqqzqz1</STRONG> (ARM, 56 bytes, Stack size 8 bytes, main.o(i.zqqzqz1))
<BR><BR>[Stack]<UL><LI>Max Depth = 272<LI>Call Chain = zqqzqz1 &rArr; qqqqinitialise &rArr; upload_execution_history &rArr; qqqupload &rArr; qqqzzuploadmcdc &rArr; qqoutput4 &rArr; ldra_sprintf4 &rArr; ldra_sprintf &rArr; ldra_int_to_dec &rArr; __aeabi_idivmod
</UL>
<BR>[Calls]<UL><LI><a href="#[25]">&gt;&gt;</a>&nbsp;&nbsp;&nbsp;ldra_open
<LI><a href="#[32]">&gt;&gt;</a>&nbsp;&nbsp;&nbsp;qqqqinitialise
</UL>
<BR>[Called By]<UL><LI><a href="#[3a]">&gt;&gt;</a>&nbsp;&nbsp;&nbsp;state_machine_51zzqqzz
<LI><a href="#[3b]">&gt;&gt;</a>&nbsp;&nbsp;&nbsp;state_machine_51zqendz
<LI><a href="#[b]">&gt;&gt;</a>&nbsp;&nbsp;&nbsp;main
<LI><a href="#[2e]">&gt;&gt;</a>&nbsp;&nbsp;&nbsp;main_50zqzqzq
<LI><a href="#[2f]">&gt;&gt;</a>&nbsp;&nbsp;&nbsp;main_50zqendz
</UL>
<P>
<H3>
Local Symbols
</H3>
<P><STRONG><a name="[4]"></a>Undef_Handler</STRONG> (ARM, 4 bytes, Stack size unknown bytes, startup.o(RESET))
<BR><BR>[Calls]<UL><LI><a href="#[4]">&gt;&gt;</a>&nbsp;&nbsp;&nbsp;Undef_Handler
</UL>
<BR>[Called By]<UL><LI><a href="#[4]">&gt;&gt;</a>&nbsp;&nbsp;&nbsp;Undef_Handler
</UL>
<BR>[Address Reference Count : 1]<UL><LI> startup.o(RESET)
</UL>
<P><STRONG><a name="[5]"></a>SWI_Handler</STRONG> (ARM, 4 bytes, Stack size unknown bytes, startup.o(RESET))
<BR><BR>[Calls]<UL><LI><a href="#[5]">&gt;&gt;</a>&nbsp;&nbsp;&nbsp;SWI_Handler
</UL>
<BR>[Called By]<UL><LI><a href="#[5]">&gt;&gt;</a>&nbsp;&nbsp;&nbsp;SWI_Handler
</UL>
<BR>[Address Reference Count : 1]<UL><LI> startup.o(RESET)
</UL>
<P><STRONG><a name="[6]"></a>PAbt_Handler</STRONG> (ARM, 4 bytes, Stack size unknown bytes, startup.o(RESET))
<BR><BR>[Calls]<UL><LI><a href="#[6]">&gt;&gt;</a>&nbsp;&nbsp;&nbsp;PAbt_Handler
</UL>
<BR>[Called By]<UL><LI><a href="#[6]">&gt;&gt;</a>&nbsp;&nbsp;&nbsp;PAbt_Handler
</UL>
<BR>[Address Reference Count : 1]<UL><LI> startup.o(RESET)
</UL>
<P><STRONG><a name="[7]"></a>DAbt_Handler</STRONG> (ARM, 4 bytes, Stack size unknown bytes, startup.o(RESET))
<BR><BR>[Calls]<UL><LI><a href="#[7]">&gt;&gt;</a>&nbsp;&nbsp;&nbsp;DAbt_Handler
</UL>
<BR>[Called By]<UL><LI><a href="#[7]">&gt;&gt;</a>&nbsp;&nbsp;&nbsp;DAbt_Handler
</UL>
<BR>[Address Reference Count : 1]<UL><LI> startup.o(RESET)
</UL>
<P><STRONG><a name="[8]"></a>IRQ_Handler</STRONG> (ARM, 4 bytes, Stack size unknown bytes, startup.o(RESET))
<BR><BR>[Calls]<UL><LI><a href="#[8]">&gt;&gt;</a>&nbsp;&nbsp;&nbsp;IRQ_Handler
</UL>
<BR>[Called By]<UL><LI><a href="#[8]">&gt;&gt;</a>&nbsp;&nbsp;&nbsp;IRQ_Handler
</UL>
<BR>[Address Reference Count : 1]<UL><LI> startup.o(RESET)
</UL>
<P><STRONG><a name="[9]"></a>FIQ_Handler</STRONG> (ARM, 4 bytes, Stack size unknown bytes, startup.o(RESET))
<BR><BR>[Calls]<UL><LI><a href="#[9]">&gt;&gt;</a>&nbsp;&nbsp;&nbsp;FIQ_Handler
</UL>
<BR>[Called By]<UL><LI><a href="#[9]">&gt;&gt;</a>&nbsp;&nbsp;&nbsp;FIQ_Handler
</UL>
<BR>[Address Reference Count : 1]<UL><LI> startup.o(RESET)
</UL>
<P><STRONG><a name="[22]"></a>ldra_delay</STRONG> (ARM, 56 bytes, Stack size 4 bytes, main.o(i.ldra_delay))
<BR><BR>[Stack]<UL><LI>Max Depth = 4<LI>Call Chain = ldra_delay
</UL>
<BR>[Calls]<UL><LI><a href="#[20]">&gt;&gt;</a>&nbsp;&nbsp;&nbsp;ldra_port_is_configured
</UL>
<BR>[Called By]<UL><LI><a href="#[27]">&gt;&gt;</a>&nbsp;&nbsp;&nbsp;ldra_port_write
</UL>

<P><STRONG><a name="[23]"></a>ldra_int_to_dec</STRONG> (ARM, 116 bytes, Stack size 16 bytes, main.o(i.ldra_int_to_dec))
<BR><BR>[Stack]<UL><LI>Max Depth = 24<LI>Call Chain = ldra_int_to_dec &rArr; __aeabi_idivmod
</UL>
<BR>[Calls]<UL><LI><a href="#[24]">&gt;&gt;</a>&nbsp;&nbsp;&nbsp;__aeabi_idivmod
</UL>
<BR>[Called By]<UL><LI><a href="#[28]">&gt;&gt;</a>&nbsp;&nbsp;&nbsp;ldra_sprintf
</UL>

<P><STRONG><a name="[28]"></a>ldra_sprintf</STRONG> (ARM, 352 bytes, Stack size 56 bytes, main.o(i.ldra_sprintf))
<BR><BR>[Stack]<UL><LI>Max Depth = 80<LI>Call Chain = ldra_sprintf &rArr; ldra_int_to_dec &rArr; __aeabi_idivmod
</UL>
<BR>[Calls]<UL><LI><a href="#[23]">&gt;&gt;</a>&nbsp;&nbsp;&nbsp;ldra_int_to_dec
</UL>
<BR>[Called By]<UL><LI><a href="#[2a]">&gt;&gt;</a>&nbsp;&nbsp;&nbsp;ldra_sprintf4
<LI><a href="#[29]">&gt;&gt;</a>&nbsp;&nbsp;&nbsp;ldra_sprintf2
</UL>

<P><STRONG><a name="[2f]"></a>main_50zqendz</STRONG> (ARM, 260 bytes, Stack size 8 bytes, main.o(i.main_50zqendz))
<BR><BR>[Stack]<UL><LI>Max Depth = 288<LI>Call Chain = main_50zqendz &rArr; main_50zzzfun &rArr; qqqqinitialise &rArr; upload_execution_history &rArr; qqqupload &rArr; qqqzzuploadmcdc &rArr; qqoutput4 &rArr; ldra_sprintf4 &rArr; ldra_sprintf &rArr; ldra_int_to_dec &rArr; __aeabi_idivmod
</UL>
<BR>[Calls]<UL><LI><a href="#[2b]">&gt;&gt;</a>&nbsp;&nbsp;&nbsp;zqqzqz1
<LI><a href="#[31]">&gt;&gt;</a>&nbsp;&nbsp;&nbsp;qqqupload
<LI><a href="#[30]">&gt;&gt;</a>&nbsp;&nbsp;&nbsp;main_50zzzfun
<LI><a href="#[1f]">&gt;&gt;</a>&nbsp;&nbsp;&nbsp;ldra_close
</UL>
<BR>[Called By]<UL><LI><a href="#[2e]">&gt;&gt;</a>&nbsp;&nbsp;&nbsp;main_50zqzqzq
</UL>

<P><STRONG><a name="[2e]"></a>main_50zqzqzq</STRONG> (ARM, 48 bytes, Stack size 8 bytes, main.o(i.main_50zqzqzq))
<BR><BR>[Stack]<UL><LI>Max Depth = 296<LI>Call Chain = main_50zqzqzq &rArr; main_50zqendz &rArr; main_50zzzfun &rArr; qqqqinitialise &rArr; upload_execution_history &rArr; qqqupload &rArr; qqqzzuploadmcdc &rArr; qqoutput4 &rArr; ldra_sprintf4 &rArr; ldra_sprintf &rArr; ldra_int_to_dec &rArr; __aeabi_idivmod
</UL>
<BR>[Calls]<UL><LI><a href="#[2b]">&gt;&gt;</a>&nbsp;&nbsp;&nbsp;zqqzqz1
<LI><a href="#[2f]">&gt;&gt;</a>&nbsp;&nbsp;&nbsp;main_50zqendz
</UL>
<BR>[Called By]<UL><LI><a href="#[b]">&gt;&gt;</a>&nbsp;&nbsp;&nbsp;main
</UL>

<P><STRONG><a name="[33]"></a>qqoutput</STRONG> (ARM, 52 bytes, Stack size 16 bytes, main.o(i.qqoutput))
<BR><BR>[Stack]<UL><LI>Max Depth = 128<LI>Call Chain = qqoutput &rArr; ldra_sprintf2 &rArr; ldra_sprintf &rArr; ldra_int_to_dec &rArr; __aeabi_idivmod
</UL>
<BR>[Calls]<UL><LI><a href="#[29]">&gt;&gt;</a>&nbsp;&nbsp;&nbsp;ldra_sprintf2
<LI><a href="#[27]">&gt;&gt;</a>&nbsp;&nbsp;&nbsp;ldra_port_write
</UL>
<BR>[Called By]<UL><LI><a href="#[39]">&gt;&gt;</a>&nbsp;&nbsp;&nbsp;qqqzzuploadmcdc
</UL>

<P><STRONG><a name="[34]"></a>qqoutput0</STRONG> (ARM, 24 bytes, Stack size 8 bytes, main.o(i.qqoutput0))
<BR><BR>[Stack]<UL><LI>Max Depth = 20<LI>Call Chain = qqoutput0 &rArr; ldra_port_write &rArr; ldra_delay
</UL>
<BR>[Calls]<UL><LI><a href="#[27]">&gt;&gt;</a>&nbsp;&nbsp;&nbsp;ldra_port_write
</UL>
<BR>[Called By]<UL><LI><a href="#[39]">&gt;&gt;</a>&nbsp;&nbsp;&nbsp;qqqzzuploadmcdc
</UL>

<P><STRONG><a name="[35]"></a>qqoutput2</STRONG> (ARM, 52 bytes, Stack size 16 bytes, main.o(i.qqoutput2))
<BR><BR>[Stack]<UL><LI>Max Depth = 128<LI>Call Chain = qqoutput2 &rArr; ldra_sprintf2 &rArr; ldra_sprintf &rArr; ldra_int_to_dec &rArr; __aeabi_idivmod
</UL>
<BR>[Calls]<UL><LI><a href="#[29]">&gt;&gt;</a>&nbsp;&nbsp;&nbsp;ldra_sprintf2
<LI><a href="#[27]">&gt;&gt;</a>&nbsp;&nbsp;&nbsp;ldra_port_write
</UL>
<BR>[Called By]<UL><LI><a href="#[39]">&gt;&gt;</a>&nbsp;&nbsp;&nbsp;qqqzzuploadmcdc
<LI><a href="#[31]">&gt;&gt;</a>&nbsp;&nbsp;&nbsp;qqqupload
</UL>

<P><STRONG><a name="[36]"></a>qqoutput4</STRONG> (ARM, 64 bytes, Stack size 32 bytes, main.o(i.qqoutput4))
<BR><BR>[Stack]<UL><LI>Max Depth = 152<LI>Call Chain = qqoutput4 &rArr; ldra_sprintf4 &rArr; ldra_sprintf &rArr; ldra_int_to_dec &rArr; __aeabi_idivmod
</UL>
<BR>[Calls]<UL><LI><a href="#[2a]">&gt;&gt;</a>&nbsp;&nbsp;&nbsp;ldra_sprintf4
<LI><a href="#[27]">&gt;&gt;</a>&nbsp;&nbsp;&nbsp;ldra_port_write
</UL>
<BR>[Called By]<UL><LI><a href="#[39]">&gt;&gt;</a>&nbsp;&nbsp;&nbsp;qqqzzuploadmcdc
</UL>

<P><STRONG><a name="[32]"></a>qqqqinitialise</STRONG> (ARM, 244 bytes, Stack size 16 bytes, main.o(i.qqqqinitialise))
<BR><BR>[Stack]<UL><LI>Max Depth = 264<LI>Call Chain = qqqqinitialise &rArr; upload_execution_history &rArr; qqqupload &rArr; qqqzzuploadmcdc &rArr; qqoutput4 &rArr; ldra_sprintf4 &rArr; ldra_sprintf &rArr; ldra_int_to_dec &rArr; __aeabi_idivmod
</UL>
<BR>[Calls]<UL><LI><a href="#[37]">&gt;&gt;</a>&nbsp;&nbsp;&nbsp;upload_execution_history
<LI><a href="#[31]">&gt;&gt;</a>&nbsp;&nbsp;&nbsp;qqqupload
</UL>
<BR>[Called By]<UL><LI><a href="#[2b]">&gt;&gt;</a>&nbsp;&nbsp;&nbsp;zqqzqz1
<LI><a href="#[30]">&gt;&gt;</a>&nbsp;&nbsp;&nbsp;main_50zzzfun
</UL>

<P><STRONG><a name="[38]"></a>qqqqinitialise</STRONG> (ARM, 168 bytes, Stack size 16 bytes, state_machine.o(i.qqqqinitialise))
<BR><BR>[Stack]<UL><LI>Max Depth = 264<LI>Call Chain = qqqqinitialise &rArr; upload_execution_history &rArr; qqqupload &rArr; qqqzzuploadmcdc &rArr; qqoutput4 &rArr; ldra_sprintf4 &rArr; ldra_sprintf &rArr; ldra_int_to_dec &rArr; __aeabi_idivmod
</UL>
<BR>[Calls]<UL><LI><a href="#[37]">&gt;&gt;</a>&nbsp;&nbsp;&nbsp;upload_execution_history
<LI><a href="#[31]">&gt;&gt;</a>&nbsp;&nbsp;&nbsp;qqqupload
</UL>
<BR>[Called By]<UL><LI><a href="#[3a]">&gt;&gt;</a>&nbsp;&nbsp;&nbsp;state_machine_51zzqqzz
</UL>

<P><STRONG><a name="[3b]"></a>state_machine_51zqendz</STRONG> (ARM, 112 bytes, Stack size 8 bytes, state_machine.o(i.state_machine_51zqendz))
<BR><BR>[Stack]<UL><LI>Max Depth = 280<LI>Call Chain = state_machine_51zqendz &rArr; zqqzqz1 &rArr; qqqqinitialise &rArr; upload_execution_history &rArr; qqqupload &rArr; qqqzzuploadmcdc &rArr; qqoutput4 &rArr; ldra_sprintf4 &rArr; ldra_sprintf &rArr; ldra_int_to_dec &rArr; __aeabi_idivmod
</UL>
<BR>[Calls]<UL><LI><a href="#[2b]">&gt;&gt;</a>&nbsp;&nbsp;&nbsp;zqqzqz1
</UL>
<BR>[Called By]<UL><LI><a href="#[2d]">&gt;&gt;</a>&nbsp;&nbsp;&nbsp;stateMachine
<LI><a href="#[2c]">&gt;&gt;</a>&nbsp;&nbsp;&nbsp;sm_init
</UL>

<P><STRONG><a name="[3a]"></a>state_machine_51zzqqzz</STRONG> (ARM, 148 bytes, Stack size 8 bytes, state_machine.o(i.state_machine_51zzqqzz))
<BR><BR>[Stack]<UL><LI>Max Depth = 280<LI>Call Chain = state_machine_51zzqqzz &rArr; zqqzqz1 &rArr; qqqqinitialise &rArr; upload_execution_history &rArr; qqqupload &rArr; qqqzzuploadmcdc &rArr; qqoutput4 &rArr; ldra_sprintf4 &rArr; ldra_sprintf &rArr; ldra_int_to_dec &rArr; __aeabi_idivmod
</UL>
<BR>[Calls]<UL><LI><a href="#[38]">&gt;&gt;</a>&nbsp;&nbsp;&nbsp;qqqqinitialise
<LI><a href="#[2b]">&gt;&gt;</a>&nbsp;&nbsp;&nbsp;zqqzqz1
</UL>
<BR>[Called By]<UL><LI><a href="#[2d]">&gt;&gt;</a>&nbsp;&nbsp;&nbsp;stateMachine
<LI><a href="#[2c]">&gt;&gt;</a>&nbsp;&nbsp;&nbsp;sm_init
</UL>
<P>
<H3>
Undefined Global Symbols
</H3>
<P><STRONG><a name="[1d]"></a>_call_atexit_fns</STRONG> (ARM, 0 bytes, Stack size 0 bytes, UNDEFINED)
<BR><BR>[Called By]<UL><LI><a href="#[16]">&gt;&gt;</a>&nbsp;&nbsp;&nbsp;exit
</UL>
<HR></body></html>
